Archive member included to satisfy reference by file (symbol)

/usr/lib/gcc/arm-none-eabi/9.2.1/../../../arm-none-eabi/lib/thumb/v7e-m+fp/hard/libc_nano.a(lib_a-atexit.o)
                              /usr/lib/gcc/arm-none-eabi/9.2.1/../../../arm-none-eabi/lib/thumb/v7e-m+fp/hard/crt0.o (atexit)
/usr/lib/gcc/arm-none-eabi/9.2.1/../../../arm-none-eabi/lib/thumb/v7e-m+fp/hard/libc_nano.a(lib_a-exit.o)
                              /usr/lib/gcc/arm-none-eabi/9.2.1/../../../arm-none-eabi/lib/thumb/v7e-m+fp/hard/crt0.o (exit)
/usr/lib/gcc/arm-none-eabi/9.2.1/../../../arm-none-eabi/lib/thumb/v7e-m+fp/hard/libc_nano.a(lib_a-fini.o)
                              /usr/lib/gcc/arm-none-eabi/9.2.1/../../../arm-none-eabi/lib/thumb/v7e-m+fp/hard/crt0.o (__libc_fini_array)
/usr/lib/gcc/arm-none-eabi/9.2.1/../../../arm-none-eabi/lib/thumb/v7e-m+fp/hard/libc_nano.a(lib_a-impure.o)
                              /usr/lib/gcc/arm-none-eabi/9.2.1/../../../arm-none-eabi/lib/thumb/v7e-m+fp/hard/libc_nano.a(lib_a-exit.o) (_global_impure_ptr)
/usr/lib/gcc/arm-none-eabi/9.2.1/../../../arm-none-eabi/lib/thumb/v7e-m+fp/hard/libc_nano.a(lib_a-init.o)
                              /usr/lib/gcc/arm-none-eabi/9.2.1/../../../arm-none-eabi/lib/thumb/v7e-m+fp/hard/crt0.o (__libc_init_array)
/usr/lib/gcc/arm-none-eabi/9.2.1/../../../arm-none-eabi/lib/thumb/v7e-m+fp/hard/libc_nano.a(lib_a-memset.o)
                              /usr/lib/gcc/arm-none-eabi/9.2.1/../../../arm-none-eabi/lib/thumb/v7e-m+fp/hard/crt0.o (memset)
/usr/lib/gcc/arm-none-eabi/9.2.1/../../../arm-none-eabi/lib/thumb/v7e-m+fp/hard/libc_nano.a(lib_a-printf.o)
                              build/main.o (printf)
/usr/lib/gcc/arm-none-eabi/9.2.1/../../../arm-none-eabi/lib/thumb/v7e-m+fp/hard/libc_nano.a(lib_a-snprintf.o)
                              build/log.o (snprintf)
/usr/lib/gcc/arm-none-eabi/9.2.1/../../../arm-none-eabi/lib/thumb/v7e-m+fp/hard/libc_nano.a(lib_a-strlen.o)
                              build/main.o (strlen)
/usr/lib/gcc/arm-none-eabi/9.2.1/../../../arm-none-eabi/lib/thumb/v7e-m+fp/hard/libc_nano.a(lib_a-vsnprintf.o)
                              build/log.o (vsnprintf)
/usr/lib/gcc/arm-none-eabi/9.2.1/../../../arm-none-eabi/lib/thumb/v7e-m+fp/hard/libc_nano.a(lib_a-__atexit.o)
                              /usr/lib/gcc/arm-none-eabi/9.2.1/../../../arm-none-eabi/lib/thumb/v7e-m+fp/hard/libc_nano.a(lib_a-atexit.o) (__register_exitproc)
/usr/lib/gcc/arm-none-eabi/9.2.1/../../../arm-none-eabi/lib/thumb/v7e-m+fp/hard/libc_nano.a(lib_a-__call_atexit.o)
                              /usr/lib/gcc/arm-none-eabi/9.2.1/../../../arm-none-eabi/lib/thumb/v7e-m+fp/hard/libc_nano.a(lib_a-__atexit.o) (__call_exitprocs)
/usr/lib/gcc/arm-none-eabi/9.2.1/../../../arm-none-eabi/lib/thumb/v7e-m+fp/hard/libc_nano.a(lib_a-findfp.o)
                              /usr/lib/gcc/arm-none-eabi/9.2.1/../../../arm-none-eabi/lib/thumb/v7e-m+fp/hard/libc_nano.a(lib_a-printf.o) (__sinit)
/usr/lib/gcc/arm-none-eabi/9.2.1/../../../arm-none-eabi/lib/thumb/v7e-m+fp/hard/libc_nano.a(lib_a-fwalk.o)
                              /usr/lib/gcc/arm-none-eabi/9.2.1/../../../arm-none-eabi/lib/thumb/v7e-m+fp/hard/libc_nano.a(lib_a-findfp.o) (_fwalk)
/usr/lib/gcc/arm-none-eabi/9.2.1/../../../arm-none-eabi/lib/thumb/v7e-m+fp/hard/libc_nano.a(lib_a-nano-mallocr.o)
                              /usr/lib/gcc/arm-none-eabi/9.2.1/../../../arm-none-eabi/lib/thumb/v7e-m+fp/hard/libc_nano.a(lib_a-findfp.o) (_malloc_r)
/usr/lib/gcc/arm-none-eabi/9.2.1/../../../arm-none-eabi/lib/thumb/v7e-m+fp/hard/libc_nano.a(lib_a-nano-svfprintf.o)
                              /usr/lib/gcc/arm-none-eabi/9.2.1/../../../arm-none-eabi/lib/thumb/v7e-m+fp/hard/libc_nano.a(lib_a-snprintf.o) (_svfprintf_r)
/usr/lib/gcc/arm-none-eabi/9.2.1/../../../arm-none-eabi/lib/thumb/v7e-m+fp/hard/libc_nano.a(lib_a-nano-vfprintf.o)
                              /usr/lib/gcc/arm-none-eabi/9.2.1/../../../arm-none-eabi/lib/thumb/v7e-m+fp/hard/libc_nano.a(lib_a-printf.o) (_vfprintf_r)
/usr/lib/gcc/arm-none-eabi/9.2.1/../../../arm-none-eabi/lib/thumb/v7e-m+fp/hard/libc_nano.a(lib_a-nano-vfprintf_i.o)
                              /usr/lib/gcc/arm-none-eabi/9.2.1/../../../arm-none-eabi/lib/thumb/v7e-m+fp/hard/libc_nano.a(lib_a-nano-svfprintf.o) (_printf_i)
/usr/lib/gcc/arm-none-eabi/9.2.1/../../../arm-none-eabi/lib/thumb/v7e-m+fp/hard/libc_nano.a(lib_a-sbrkr.o)
                              /usr/lib/gcc/arm-none-eabi/9.2.1/../../../arm-none-eabi/lib/thumb/v7e-m+fp/hard/libc_nano.a(lib_a-nano-mallocr.o) (_sbrk_r)
/usr/lib/gcc/arm-none-eabi/9.2.1/../../../arm-none-eabi/lib/thumb/v7e-m+fp/hard/libc_nano.a(lib_a-stdio.o)
                              /usr/lib/gcc/arm-none-eabi/9.2.1/../../../arm-none-eabi/lib/thumb/v7e-m+fp/hard/libc_nano.a(lib_a-findfp.o) (__sread)
/usr/lib/gcc/arm-none-eabi/9.2.1/../../../arm-none-eabi/lib/thumb/v7e-m+fp/hard/libc_nano.a(lib_a-wbuf.o)
[...]
Memory Configuration

Name             Origin             Length             Attributes
FLASH            0x0000000008000000 0x0000000000080000 xr
RAM1             0x0000000020000008 0x000000000002fff8 xrw
RAM_SHARED       0x0000000020030000 0x0000000000002800 xrw
*default*        0x0000000000000000 0xffffffffffffffff

Linker script and memory map

LOAD /usr/lib/gcc/arm-none-eabi/9.2.1/thumb/v7e-m+fp/hard/crti.o
LOAD /usr/lib/gcc/arm-none-eabi/9.2.1/thumb/v7e-m+fp/hard/crtbegin.o
LOAD /usr/lib/gcc/arm-none-eabi/9.2.1/../../../arm-none-eabi/lib/thumb/v7e-m+fp/hard/crt0.o
LOAD build/main.o
LOAD build/gpio.o
LOAD build/usart.o
LOAD build/stm32wbxx_it.o
LOAD build/stm32wbxx_hal_msp.o
LOAD build/stm32wbxx_hal_tim.o
LOAD build/stm32wbxx_hal_tim_ex.o
LOAD build/stm32wbxx_hal_uart.o
LOAD build/stm32wbxx_hal_uart_ex.o
LOAD build/stm32wbxx_hal_rcc.o
LOAD build/stm32wbxx_hal_rcc_ex.o
LOAD build/stm32wbxx_hal_flash.o
LOAD build/stm32wbxx_hal_flash_ex.o
LOAD build/stm32wbxx_hal_gpio.o
LOAD build/stm32wbxx_hal_hsem.o
LOAD build/stm32wbxx_hal_dma.o
LOAD build/stm32wbxx_hal_dma_ex.o
LOAD build/stm32wbxx_hal_pwr.o
LOAD build/stm32wbxx_hal_pwr_ex.o
LOAD build/stm32wbxx_hal_cortex.o
LOAD build/stm32wbxx_hal.o
LOAD build/stm32wbxx_hal_exti.o
LOAD build/system_stm32wbxx.o
LOAD build/syscalls.o
LOAD build/sample-lib.o
LOAD build/led.o
LOAD build/log.o
LOAD build/storage.o
LOAD build/tim.o
LOAD build/startup_stm32wb55xx_cm4.o
LOAD /usr/lib/gcc/arm-none-eabi/9.2.1/../../../arm-none-eabi/lib/thumb/v7e-m+fp/hard/libc_nano.a
LOAD /usr/lib/gcc/arm-none-eabi/9.2.1/../../../arm-none-eabi/lib/thumb/v7e-m+fp/hard/libm.a
LOAD /usr/lib/gcc/arm-none-eabi/9.2.1/../../../arm-none-eabi/lib/thumb/v7e-m+fp/hard/libnosys.a
START GROUP
LOAD /usr/lib/gcc/arm-none-eabi/9.2.1/thumb/v7e-m+fp/hard/libgcc.a
LOAD /usr/lib/gcc/arm-none-eabi/9.2.1/../../../arm-none-eabi/lib/thumb/v7e-m+fp/hard/libc_nano.a
END GROUP
START GROUP
LOAD /usr/lib/gcc/arm-none-eabi/9.2.1/thumb/v7e-m+fp/hard/libgcc.a
LOAD /usr/lib/gcc/arm-none-eabi/9.2.1/../../../arm-none-eabi/lib/thumb/v7e-m+fp/hard/libc_nano.a
END GROUP
LOAD /usr/lib/gcc/arm-none-eabi/9.2.1/thumb/v7e-m+fp/hard/crtend.o
LOAD /usr/lib/gcc/arm-none-eabi/9.2.1/thumb/v7e-m+fp/hard/crtn.o
                0x0000000020030000                _estack = 0x20030000
                0x0000000000000200                _Min_Heap_Size = 0x200
                0x0000000000000400                _Min_Stack_Size = 0x400

.isr_vector     0x0000000008000000      0x13c
                0x0000000008000000                . = ALIGN (0x4)
 *(.isr_vector)
 .isr_vector    0x0000000008000000      0x13c build/startup_stm32wb55xx_cm4.o
                0x0000000008000000                g_pfnVectors
                0x000000000800013c                . = ALIGN (0x4)

.text           0x0000000008000140     0x4288
                0x0000000008000140                . = ALIGN (0x4)
 *(.text)
 .text          0x0000000008000140       0x88 /usr/lib/gcc/arm-none-eabi/9.2.1/thumb/v7e-m+fp/hard/crtbegin.o
 .text          0x00000000080001c8       0x48 /usr/lib/gcc/arm-none-eabi/9.2.1/../../../arm-none-eabi/lib/thumb/v7e-m+fp/hard/libc_nano.a(lib_a-init.o)
                0x00000000080001c8                __libc_init_array
 .text          0x0000000008000210       0xa0 /usr/lib/gcc/arm-none-eabi/9.2.1/../../../arm-none-eabi/lib/thumb/v7e-m+fp/hard/libc_nano.a(lib_a-memset.o)
                0x0000000008000210                memset
 .text          0x00000000080002b0       0x68 /usr/lib/gcc/arm-none-eabi/9.2.1/../../../arm-none-eabi/lib/thumb/v7e-m+fp/hard/libc_nano.a(lib_a-printf.o)
                0x00000000080002b0                _printf_r
                0x00000000080002b0                _iprintf_r
                0x00000000080002e0                printf
                0x00000000080002e0                iprintf
 *fill*         0x0000000008000318       0x28 
 .text          0x0000000008000340       0xdc /usr/lib/gcc/arm-none-eabi/9.2.1/../../../arm-none-eabi/lib/thumb/v7e-m+fp/hard/libc_nano.a(lib_a-strlen.o)
                0x0000000008000340                strlen
 .text          0x000000000800041c      0x210 /usr/lib/gcc/arm-none-eabi/9.2.1/../../../arm-none-eabi/lib/thumb/v7e-m+fp/hard/libc_nano.a(lib_a-findfp.o)
                0x0000000008000420                _cleanup_r
                0x0000000008000430                __sfmoreglue
                0x0000000008000460                __sfp
                0x00000000080005d8                _cleanup
                0x00000000080005ec                __sinit
                0x00000000080005f4                __sfp_lock_acquire
                0x00000000080005f8                __sfp_lock_release
                0x00000000080005fc                __sinit_lock_acquire
                0x0000000008000600                __sinit_lock_release
                0x0000000008000604                __fp_lock_all
                0x0000000008000618                __fp_unlock_all
 .text          0x000000000800062c       0xa0 /usr/lib/gcc/arm-none-eabi/9.2.1/../../../arm-none-eabi/lib/thumb/v7e-m+fp/hard/libc_nano.a(lib_a-fwalk.o)
                0x000000000800062c                _fwalk
                0x0000000008000678                _fwalk_reent
 .text          0x00000000080006cc       0xc8 /usr/lib/gcc/arm-none-eabi/9.2.1/../../../arm-none-eabi/lib/thumb/v7e-m+fp/hard/libc_nano.a(lib_a-nano-mallocr.o)
                0x00000000080006cc                _malloc_r
 .text          0x0000000008000794      0x364 /usr/lib/gcc/arm-none-eabi/9.2.1/../../../arm-none-eabi/lib/thumb/v7e-m+fp/hard/libc_nano.a(lib_a-nano-vfprintf.o)
                0x00000000080007d0                __sfputs_r
                0x0000000008000800                __sprint_r
                0x000000000800081c                _vfiprintf_r
                0x000000000800081c                _vfprintf_r
                0x0000000008000ae0                vfiprintf
                0x0000000008000ae0                vfprintf
 .text          0x0000000008000af8      0x3c4 /usr/lib/gcc/arm-none-eabi/9.2.1/../../../arm-none-eabi/lib/thumb/v7e-m+fp/hard/libc_nano.a(lib_a-nano-vfprintf_i.o)
                0x0000000008000af8                _printf_common
                0x0000000008000c24                _printf_i
 .text          0x0000000008000ebc       0x24 /usr/lib/gcc/arm-none-eabi/9.2.1/../../../arm-none-eabi/lib/thumb/v7e-m+fp/hard/libc_nano.a(lib_a-sbrkr.o)
                0x0000000008000ebc                _sbrk_r
 .text          0x0000000008000ee0       0x90 /usr/lib/gcc/arm-none-eabi/9.2.1/../../../arm-none-eabi/lib/thumb/v7e-m+fp/hard/libc_nano.a(lib_a-stdio.o)
                0x0000000008000ee0                __sread
                0x0000000008000f04                __seofread
                0x0000000008000f08                __swrite
                0x0000000008000f48                __sseek
                0x0000000008000f68                __sclose
 .text          0x0000000008000f70       0xc0 /usr/lib/gcc/arm-none-eabi/9.2.1/../../../arm-none-eabi/lib/thumb/v7e-m+fp/hard/libc_nano.a(lib_a-wbuf.o)
                0x0000000008000f70                __swbuf_r
                0x0000000008001020                __swbuf
 .text          0x0000000008001030       0x2c /usr/lib/gcc/arm-none-eabi/9.2.1/../../../arm-none-eabi/lib/thumb/v7e-m+fp/hard/libc_nano.a(lib_a-writer.o)
                0x0000000008001030                _write_r
 .text          0x000000000800105c      0x100 /usr/lib/gcc/arm-none-eabi/9.2.1/../../../arm-none-eabi/lib/thumb/v7e-m+fp/hard/libc_nano.a(lib_a-wsetup.o)
                0x000000000800105c                __swsetup_r
 .text          0x000000000800115c       0x24 /usr/lib/gcc/arm-none-eabi/9.2.1/../../../arm-none-eabi/lib/thumb/v7e-m+fp/hard/libc_nano.a(lib_a-closer.o)
                0x000000000800115c                _close_r
 .text          0x0000000008001180      0x1b0 /usr/lib/gcc/arm-none-eabi/9.2.1/../../../arm-none-eabi/lib/thumb/v7e-m+fp/hard/libc_nano.a(lib_a-fflush.o)
                0x0000000008001180                __sflush_r
                0x00000000080012ac                _fflush_r
                0x000000000800130c                fflush
 .text          0x0000000008001330      0x308 /usr/lib/gcc/arm-none-eabi/9.2.1/../../../arm-none-eabi/lib/thumb/v7e-m+fp/hard/libc_nano.a(lib_a-fvwrite.o)
                0x0000000008001330                __sfvwrite_r
 .text          0x0000000008001638       0x2c /usr/lib/gcc/arm-none-eabi/9.2.1/../../../arm-none-eabi/lib/thumb/v7e-m+fp/hard/libc_nano.a(lib_a-lseekr.o)
                0x0000000008001638                _lseek_r
 .text          0x0000000008001664       0xf0 /usr/lib/gcc/arm-none-eabi/9.2.1/../../../arm-none-eabi/lib/thumb/v7e-m+fp/hard/libc_nano.a(lib_a-makebuf.o)
                0x0000000008001664                __swhatbuf_r
                0x00000000080016c0                __smakebuf_r
 *fill*         0x0000000008001754        0xc 
 .text          0x0000000008001760       0xa0 /usr/lib/gcc/arm-none-eabi/9.2.1/../../../arm-none-eabi/lib/thumb/v7e-m+fp/hard/libc_nano.a(lib_a-memchr.o)
                0x0000000008001760                memchr
 .text          0x0000000008001800      0x134 /usr/lib/gcc/arm-none-eabi/9.2.1/../../../arm-none-eabi/lib/thumb/v7e-m+fp/hard/libc_nano.a(lib_a-memcpy.o)
                0x0000000008001800                memcpy
 .text          0x0000000008001934       0xd0 /usr/lib/gcc/arm-none-eabi/9.2.1/../../../arm-none-eabi/lib/thumb/v7e-m+fp/hard/libc_nano.a(lib_a-memmove.o)
                0x0000000008001934                memmove
 .text          0x0000000008001a04        0x8 /usr/lib/gcc/arm-none-eabi/9.2.1/../../../arm-none-eabi/lib/thumb/v7e-m+fp/hard/libc_nano.a(lib_a-mlock.o)
                0x0000000008001a04                __malloc_lock
                0x0000000008001a08                __malloc_unlock
 .text          0x0000000008001a0c       0xac /usr/lib/gcc/arm-none-eabi/9.2.1/../../../arm-none-eabi/lib/thumb/v7e-m+fp/hard/libc_nano.a(lib_a-nano-freer.o)
                0x0000000008001a0c                _free_r
 .text          0x0000000008001ab8       0x4c /usr/lib/gcc/arm-none-eabi/9.2.1/../../../arm-none-eabi/lib/thumb/v7e-m+fp/hard/libc_nano.a(lib_a-nano-reallocr.o)
                0x0000000008001ab8                _realloc_r
 .text          0x0000000008001b04       0x2c /usr/lib/gcc/arm-none-eabi/9.2.1/../../../arm-none-eabi/lib/thumb/v7e-m+fp/hard/libc_nano.a(lib_a-readr.o)
                0x0000000008001b04                _read_r
 .text          0x0000000008001b30       0x28 /usr/lib/gcc/arm-none-eabi/9.2.1/../../../arm-none-eabi/lib/thumb/v7e-m+fp/hard/libc_nano.a(lib_a-fstatr.o)
                0x0000000008001b30                _fstat_r
 .text          0x0000000008001b58       0x24 /usr/lib/gcc/arm-none-eabi/9.2.1/../../../arm-none-eabi/lib/thumb/v7e-m+fp/hard/libc_nano.a(lib_a-isattyr.o)
                0x0000000008001b58                _isatty_r
 .text          0x0000000008001b7c       0x10 /usr/lib/gcc/arm-none-eabi/9.2.1/../../../arm-none-eabi/lib/thumb/v7e-m+fp/hard/libc_nano.a(lib_a-nano-msizer.o)
                0x0000000008001b7c                _malloc_usable_size_r
 .text          0x0000000008001b8c       0x10 /usr/lib/gcc/arm-none-eabi/9.2.1/../../../arm-none-eabi/lib/thumb/v7e-m+fp/hard/libnosys.a(close.o)
                0x0000000008001b8c                _close
 .text          0x0000000008001b9c       0x10 /usr/lib/gcc/arm-none-eabi/9.2.1/../../../arm-none-eabi/lib/thumb/v7e-m+fp/hard/libnosys.a(fstat.o)
                0x0000000008001b9c                _fstat
 .text          0x0000000008001bac       0x10 /usr/lib/gcc/arm-none-eabi/9.2.1/../../../arm-none-eabi/lib/thumb/v7e-m+fp/hard/libnosys.a(isatty.o)
                0x0000000008001bac                _isatty
 .text          0x0000000008001bbc       0x10 /usr/lib/gcc/arm-none-eabi/9.2.1/../../../arm-none-eabi/lib/thumb/v7e-m+fp/hard/libnosys.a(lseek.o)
                0x0000000008001bbc                _lseek
 .text          0x0000000008001bcc       0x10 /usr/lib/gcc/arm-none-eabi/9.2.1/../../../arm-none-eabi/lib/thumb/v7e-m+fp/hard/libnosys.a(read.o)
                0x0000000008001bcc                _read
 .text          0x0000000008001bdc       0x1c /usr/lib/gcc/arm-none-eabi/9.2.1/../../../arm-none-eabi/lib/thumb/v7e-m+fp/hard/libnosys.a(sbrk.o)
                0x0000000008001bdc                _sbrk
 .text          0x0000000008001bf8       0x30 /usr/lib/gcc/arm-none-eabi/9.2.1/thumb/v7e-m+fp/hard/libgcc.a(_aeabi_uldivmod.o)
                0x0000000008001bf8                __aeabi_uldivmod
 .text          0x0000000008001c28      0x2c4 /usr/lib/gcc/arm-none-eabi/9.2.1/thumb/v7e-m+fp/hard/libgcc.a(_udivmoddi4.o)
                0x0000000008001c28                __udivmoddi4
 .text          0x0000000008001eec        0x4 /usr/lib/gcc/arm-none-eabi/9.2.1/thumb/v7e-m+fp/hard/libgcc.a(_dvmd_tls.o)
                0x0000000008001eec                __aeabi_ldiv0
                0x0000000008001eec                __aeabi_idiv0
 *(.text*)
 .text.Error_Handler
                0x0000000008001ef0        0x4 build/main.o
                0x0000000008001ef0                Error_Handler
 .text.SystemClock_Config
                0x0000000008001ef4       0x84 build/main.o
                0x0000000008001ef4                SystemClock_Config
 .text.PeriphCommonClock_Config
                0x0000000008001f78       0x2c build/main.o
                0x0000000008001f78                PeriphCommonClock_Config
 .text.main     0x0000000008001fa4       0xf0 build/main.o
                0x0000000008001fa4                main
 .text.MX_GPIO_Init
                0x0000000008002094       0xc0 build/gpio.o
                0x0000000008002094                MX_GPIO_Init
 .text.MX_LPUART1_UART_Init
                0x0000000008002154       0x68 build/usart.o
                0x0000000008002154                MX_LPUART1_UART_Init
 .text.MX_USART1_UART_Init
                0x00000000080021bc       0x68 build/usart.o
                0x00000000080021bc                MX_USART1_UART_Init
 .text.HAL_UART_MspInit
                0x0000000008002224       0xf0 build/usart.o
                0x0000000008002224                HAL_UART_MspInit
 .text.NMI_Handler
                0x0000000008002314        0x2 build/stm32wbxx_it.o
                0x0000000008002314                NMI_Handler
 .text.HardFault_Handler
                0x0000000008002316        0x2 build/stm32wbxx_it.o
                0x0000000008002316                HardFault_Handler
 .text.MemManage_Handler
                0x0000000008002318        0x2 build/stm32wbxx_it.o
                0x0000000008002318                MemManage_Handler
 .text.BusFault_Handler
                0x000000000800231a        0x2 build/stm32wbxx_it.o
                0x000000000800231a                BusFault_Handler
 .text.UsageFault_Handler
                0x000000000800231c        0x2 build/stm32wbxx_it.o
                0x000000000800231c                UsageFault_Handler
 .text.SVC_Handler
                0x000000000800231e        0x2 build/stm32wbxx_it.o
                0x000000000800231e                SVC_Handler
 .text.DebugMon_Handler
                0x0000000008002320        0x2 build/stm32wbxx_it.o
                0x0000000008002320                DebugMon_Handler
 .text.PendSV_Handler
                0x0000000008002322        0x2 build/stm32wbxx_it.o
                0x0000000008002322                PendSV_Handler
 .text.SysTick_Handler
                0x0000000008002324        0x8 build/stm32wbxx_it.o
                0x0000000008002324                SysTick_Handler
 .text.HAL_MspInit
                0x000000000800232c        0x2 build/stm32wbxx_hal_msp.o
                0x000000000800232c                HAL_MspInit
 .text.TIM_TI1_ConfigInputStage
                0x000000000800232e       0x24 build/stm32wbxx_hal_tim.o
 .text.TIM_TI2_ConfigInputStage
                0x0000000008002352       0x26 build/stm32wbxx_hal_tim.o
 .text.TIM_ITRx_SetConfig
                0x0000000008002378       0x14 build/stm32wbxx_hal_tim.o
 .text.TIM_Base_SetConfig
                0x000000000800238c       0x70 build/stm32wbxx_hal_tim.o
                0x000000000800238c                TIM_Base_SetConfig
 .text.HAL_TIM_Base_Init
                0x00000000080023fc       0x60 build/stm32wbxx_hal_tim.o
                0x00000000080023fc                HAL_TIM_Base_Init
 .text.TIM_ETR_SetConfig
                0x000000000800245c       0x18 build/stm32wbxx_hal_tim.o
                0x000000000800245c                TIM_ETR_SetConfig
 .text.HAL_TIM_ConfigClockSource
                0x0000000008002474      0x100 build/stm32wbxx_hal_tim.o
                0x0000000008002474                HAL_TIM_ConfigClockSource
 .text.HAL_TIMEx_MasterConfigSynchronization
                0x0000000008002574       0x68 build/stm32wbxx_hal_tim_ex.o
                0x0000000008002574                HAL_TIMEx_MasterConfigSynchronization
 .text.UART_SetConfig
                0x00000000080025dc      0x270 build/stm32wbxx_hal_uart.o
                0x00000000080025dc                UART_SetConfig
 .text.UART_AdvFeatureConfig
                0x000000000800284c       0xca build/stm32wbxx_hal_uart.o
                0x000000000800284c                UART_AdvFeatureConfig
 .text.UART_WaitOnFlagUntilTimeout
                0x0000000008002916       0xd8 build/stm32wbxx_hal_uart.o
                0x0000000008002916                UART_WaitOnFlagUntilTimeout
 .text.HAL_UART_Transmit
                0x00000000080029ee       0xde build/stm32wbxx_hal_uart.o
                0x00000000080029ee                HAL_UART_Transmit
 .text.HAL_UART_Receive
                0x0000000008002acc      0x12c build/stm32wbxx_hal_uart.o
                0x0000000008002acc                HAL_UART_Receive
 .text.UART_CheckIdleState
                0x0000000008002bf8       0x74 build/stm32wbxx_hal_uart.o
                0x0000000008002bf8                UART_CheckIdleState
 .text.HAL_UART_Init
                0x0000000008002c6c       0x66 build/stm32wbxx_hal_uart.o
                0x0000000008002c6c                HAL_UART_Init
 *fill*         0x0000000008002cd2        0x2 
 .text.UARTEx_SetNbDataToProcess
                0x0000000008002cd4       0x4c build/stm32wbxx_hal_uart_ex.o
 .text.HAL_UARTEx_DisableFifoMode
                0x0000000008002d20       0x3e build/stm32wbxx_hal_uart_ex.o
                0x0000000008002d20                HAL_UARTEx_DisableFifoMode
 .text.HAL_UARTEx_SetTxFifoThreshold
                0x0000000008002d5e       0x4a build/stm32wbxx_hal_uart_ex.o
                0x0000000008002d5e                HAL_UARTEx_SetTxFifoThreshold
 .text.HAL_UARTEx_SetRxFifoThreshold
                0x0000000008002da8       0x4a build/stm32wbxx_hal_uart_ex.o
                0x0000000008002da8                HAL_UARTEx_SetRxFifoThreshold
 *fill*         0x0000000008002df2        0x2 
 .text.RCC_SetFlashLatency
                0x0000000008002df4       0xbc build/stm32wbxx_hal_rcc.o
 .text.RCC_SetFlashLatencyFromMSIRange
                0x0000000008002eb0       0x4c build/stm32wbxx_hal_rcc.o
 .text.HAL_RCC_GetSysClockFreq
                0x0000000008002efc       0xc0 build/stm32wbxx_hal_rcc.o
                0x0000000008002efc                HAL_RCC_GetSysClockFreq
 .text.HAL_RCC_GetHCLKFreq
                0x0000000008002fbc       0x20 build/stm32wbxx_hal_rcc.o
                0x0000000008002fbc                HAL_RCC_GetHCLKFreq
 .text.HAL_RCC_OscConfig
                0x0000000008002fdc      0x72c build/stm32wbxx_hal_rcc.o
                0x0000000008002fdc                HAL_RCC_OscConfig
 .text.HAL_RCC_ClockConfig
                0x0000000008003708      0x264 build/stm32wbxx_hal_rcc.o
                0x0000000008003708                HAL_RCC_ClockConfig
 .text.HAL_RCC_GetPCLK1Freq
                0x000000000800396c       0x24 build/stm32wbxx_hal_rcc.o
                0x000000000800396c                HAL_RCC_GetPCLK1Freq
 .text.HAL_RCC_GetPCLK2Freq
                0x0000000008003990       0x24 build/stm32wbxx_hal_rcc.o
                0x0000000008003990                HAL_RCC_GetPCLK2Freq
 .text.RCCEx_PLLSAI1_ConfigNP
                0x00000000080039b4       0x8e build/stm32wbxx_hal_rcc_ex.o
 .text.RCCEx_PLLSAI1_ConfigNQ
                0x0000000008003a42       0x8e build/stm32wbxx_hal_rcc_ex.o
 .text.RCCEx_PLLSAI1_ConfigNR
                0x0000000008003ad0       0x8e build/stm32wbxx_hal_rcc_ex.o
 .text.HAL_RCCEx_PeriphCLKConfig
                0x0000000008003b5e      0x31e build/stm32wbxx_hal_rcc_ex.o
                0x0000000008003b5e                HAL_RCCEx_PeriphCLKConfig
 .text.HAL_GPIO_Init
                0x0000000008003e7c      0x188 build/stm32wbxx_hal_gpio.o
                0x0000000008003e7c                HAL_GPIO_Init
 .text.HAL_GPIO_ReadPin
                0x0000000008004004        0xe build/stm32wbxx_hal_gpio.o
                0x0000000008004004                HAL_GPIO_ReadPin
 .text.HAL_GPIO_WritePin
                0x0000000008004012        0xa build/stm32wbxx_hal_gpio.o
                0x0000000008004012                HAL_GPIO_WritePin
 .text.HAL_PWR_EnableBkUpAccess
                0x000000000800401c       0x10 build/stm32wbxx_hal_pwr.o
                0x000000000800401c                HAL_PWR_EnableBkUpAccess
 .text.HAL_PWREx_GetVoltageRange
                0x000000000800402c       0x10 build/stm32wbxx_hal_pwr_ex.o
                0x000000000800402c                HAL_PWREx_GetVoltageRange
 .text.HAL_NVIC_SetPriorityGrouping
                0x000000000800403c       0x24 build/stm32wbxx_hal_cortex.o
                0x000000000800403c                HAL_NVIC_SetPriorityGrouping
 .text.HAL_NVIC_SetPriority
                0x0000000008004060       0x68 build/stm32wbxx_hal_cortex.o
                0x0000000008004060                HAL_NVIC_SetPriority
 .text.HAL_SYSTICK_Config
                0x00000000080040c8       0x2c build/stm32wbxx_hal_cortex.o
                0x00000000080040c8                HAL_SYSTICK_Config
 .text.HAL_InitTick
                0x00000000080040f4       0x50 build/stm32wbxx_hal.o
                0x00000000080040f4                HAL_InitTick
 .text.HAL_Init
                0x0000000008004144       0x2c build/stm32wbxx_hal.o
                0x0000000008004144                HAL_Init
 .text.HAL_IncTick
                0x0000000008004170       0x18 build/stm32wbxx_hal.o
                0x0000000008004170                HAL_IncTick
 .text.HAL_GetTick
                0x0000000008004188        0xc build/stm32wbxx_hal.o
                0x0000000008004188                HAL_GetTick
 .text.HAL_GetTickPrio
                0x0000000008004194        0xc build/stm32wbxx_hal.o
                0x0000000008004194                HAL_GetTickPrio
 .text.HAL_Delay
                0x00000000080041a0       0x28 build/stm32wbxx_hal.o
                0x00000000080041a0                HAL_Delay
 .text.SystemInit
                0x00000000080041c8       0x64 build/system_stm32wbxx.o
                0x00000000080041c8                SystemInit
 .text.__io_putchar
                0x000000000800422c       0x20 build/syscalls.o
                0x000000000800422c                __io_putchar
 .text._write   0x000000000800424c       0x1c build/syscalls.o
                0x000000000800424c                _write
 .text.set_led  0x0000000008004268       0x44 build/led.o
                0x0000000008004268                set_led
 .text.MX_TIM2_Init
                0x00000000080042ac       0x6c build/tim.o
                0x00000000080042ac                MX_TIM2_Init
 .text.HAL_TIM_Base_MspInit
                0x0000000008004318       0x26 build/tim.o
                0x0000000008004318                HAL_TIM_Base_MspInit
 .text.data_initializers
                0x000000000800433e       0x18 build/startup_stm32wb55xx_cm4.o
 *fill*         0x0000000008004356        0x2 
 .text.Reset_Handler
                0x0000000008004358       0x54 build/startup_stm32wb55xx_cm4.o
                0x0000000008004358                Reset_Handler
 .text.Default_Handler
                0x00000000080043ac        0x2 build/startup_stm32wb55xx_cm4.o
                0x00000000080043ac                RTC_Alarm_IRQHandler
                0x00000000080043ac                EXTI2_IRQHandler
                0x00000000080043ac                TIM1_CC_IRQHandler
                0x00000000080043ac                TSC_IRQHandler
                0x00000000080043ac                USB_HP_IRQHandler
                0x00000000080043ac                EXTI3_IRQHandler
                0x00000000080043ac                LPTIM2_IRQHandler
                0x00000000080043ac                I2C3_ER_IRQHandler
                0x00000000080043ac                EXTI0_IRQHandler
                0x00000000080043ac                FPU_IRQHandler
                0x00000000080043ac                TIM1_UP_TIM16_IRQHandler
                0x00000000080043ac                AES1_IRQHandler
                0x00000000080043ac                SPI1_IRQHandler
                0x00000000080043ac                PWR_SOTF_BLEACT_802ACT_RFPHASE_IRQHandler
                0x00000000080043ac                DMA2_Channel2_IRQHandler
                0x00000000080043ac                DMA1_Channel4_IRQHandler
                0x00000000080043ac                ADC1_IRQHandler
                0x00000000080043ac                PKA_IRQHandler
                0x00000000080043ac                DMA1_Channel7_IRQHandler
                0x00000000080043ac                LCD_IRQHandler
                0x00000000080043ac                IPCC_C1_TX_IRQHandler
                0x00000000080043ac                DMA2_Channel1_IRQHandler
                0x00000000080043ac                QUADSPI_IRQHandler
                0x00000000080043ac                I2C1_EV_IRQHandler
                0x00000000080043ac                DMAMUX1_OVR_IRQHandler
                0x00000000080043ac                DMA1_Channel6_IRQHandler
                0x00000000080043ac                DMA2_Channel4_IRQHandler
                0x00000000080043ac                RCC_IRQHandler
                0x00000000080043ac                DMA1_Channel1_IRQHandler
                0x00000000080043ac                Default_Handler
                0x00000000080043ac                DMA2_Channel7_IRQHandler
                0x00000000080043ac                EXTI15_10_IRQHandler
                0x00000000080043ac                IPCC_C1_RX_IRQHandler
                0x00000000080043ac                C2SEV_PWR_C2H_IRQHandler
                0x00000000080043ac                AES2_IRQHandler
                0x00000000080043ac                I2C3_EV_IRQHandler
                0x00000000080043ac                EXTI9_5_IRQHandler
                0x00000000080043ac                RTC_WKUP_IRQHandler
                0x00000000080043ac                PVD_PVM_IRQHandler
                0x00000000080043ac                SPI2_IRQHandler
                0x00000000080043ac                DMA2_Channel5_IRQHandler
                0x00000000080043ac                CRS_IRQHandler
                0x00000000080043ac                DMA1_Channel5_IRQHandler
                0x00000000080043ac                USB_LP_IRQHandler
                0x00000000080043ac                EXTI4_IRQHandler
                0x00000000080043ac                RNG_IRQHandler
                0x00000000080043ac                TIM1_TRG_COM_TIM17_IRQHandler
                0x00000000080043ac                TAMP_STAMP_LSECSS_IRQHandler
                0x00000000080043ac                DMA1_Channel3_IRQHandler
                0x00000000080043ac                COMP_IRQHandler
                0x00000000080043ac                HSEM_IRQHandler
                0x00000000080043ac                WWDG_IRQHandler
                0x00000000080043ac                LPUART1_IRQHandler
                0x00000000080043ac                DMA2_Channel6_IRQHandler
                0x00000000080043ac                TIM2_IRQHandler
                0x00000000080043ac                TIM1_BRK_IRQHandler
                0x00000000080043ac                EXTI1_IRQHandler
                0x00000000080043ac                DMA1_Channel2_IRQHandler
                0x00000000080043ac                FLASH_IRQHandler
                0x00000000080043ac                USART1_IRQHandler
                0x00000000080043ac                I2C1_ER_IRQHandler
                0x00000000080043ac                LPTIM1_IRQHandler
                0x00000000080043ac                SAI1_IRQHandler
                0x00000000080043ac                DMA2_Channel3_IRQHandler
 *(.glue_7)
 .glue_7        0x00000000080043ae        0x0 linker stubs
 *(.glue_7t)
 .glue_7t       0x00000000080043ae        0x0 linker stubs
 *(.eh_frame)
 *fill*         0x00000000080043ae        0x2 
 .eh_frame      0x00000000080043b0        0x0 /usr/lib/gcc/arm-none-eabi/9.2.1/thumb/v7e-m+fp/hard/crtbegin.o
 *(.init)
 .init          0x00000000080043b0        0x4 /usr/lib/gcc/arm-none-eabi/9.2.1/thumb/v7e-m+fp/hard/crti.o
                0x00000000080043b0                _init
 .init          0x00000000080043b4        0x8 /usr/lib/gcc/arm-none-eabi/9.2.1/thumb/v7e-m+fp/hard/crtn.o
 *(.fini)
 .fini          0x00000000080043bc        0x4 /usr/lib/gcc/arm-none-eabi/9.2.1/thumb/v7e-m+fp/hard/crti.o
                0x00000000080043bc                _fini
 .fini          0x00000000080043c0        0x8 /usr/lib/gcc/arm-none-eabi/9.2.1/thumb/v7e-m+fp/hard/crtn.o
                0x00000000080043c8                . = ALIGN (0x4)
                0x00000000080043c8                _etext = .

.vfp11_veneer   0x00000000080043c8        0x0
 .vfp11_veneer  0x00000000080043c8        0x0 linker stubs

.v4_bx          0x00000000080043c8        0x0
 .v4_bx         0x00000000080043c8        0x0 linker stubs

.iplt           0x00000000080043c8        0x0
 .iplt          0x00000000080043c8        0x0 /usr/lib/gcc/arm-none-eabi/9.2.1/thumb/v7e-m+fp/hard/crtbegin.o

.rodata         0x00000000080043c8      0x1fc
                0x00000000080043c8                . = ALIGN (0x4)
 *(.rodata)
 .rodata        0x00000000080043c8       0x2c build/stm32wbxx_hal_rcc.o
 .rodata        0x00000000080043f4        0x4 /usr/lib/gcc/arm-none-eabi/9.2.1/../../../arm-none-eabi/lib/thumb/v7e-m+fp/hard/libc_nano.a(lib_a-impure.o)
                0x00000000080043f4                _global_impure_ptr
 .rodata        0x00000000080043f8       0x60 /usr/lib/gcc/arm-none-eabi/9.2.1/../../../arm-none-eabi/lib/thumb/v7e-m+fp/hard/libc_nano.a(lib_a-findfp.o)
                0x00000000080043f8                __sf_fake_stderr
                0x0000000008004418                __sf_fake_stdout
                0x0000000008004438                __sf_fake_stdin
 *(.rodata*)
 .rodata.main.str1.4
                0x0000000008004458       0x67 build/main.o
 *fill*         0x00000000080044bf        0x1 
 .rodata.UARTPrescTable
                0x00000000080044c0       0x18 build/stm32wbxx_hal_uart.o
                0x00000000080044c0                UARTPrescTable
 .rodata.denominator.11299
                0x00000000080044d8        0x8 build/stm32wbxx_hal_uart_ex.o
 .rodata.numerator.11298
                0x00000000080044e0        0x8 build/stm32wbxx_hal_uart_ex.o
 .rodata.AHBPrescTable
                0x00000000080044e8       0x40 build/system_stm32wbxx.o
                0x00000000080044e8                AHBPrescTable
 .rodata.APBPrescTable
                0x0000000008004528       0x20 build/system_stm32wbxx.o
                0x0000000008004528                APBPrescTable
 .rodata.MSIRangeTable
                0x0000000008004548       0x40 build/system_stm32wbxx.o
                0x0000000008004548                MSIRangeTable
 .rodata.str1.4
                0x0000000008004588       0x13 /usr/lib/gcc/arm-none-eabi/9.2.1/../../../arm-none-eabi/lib/thumb/v7e-m+fp/hard/libc_nano.a(lib_a-nano-vfprintf.o)
 *fill*         0x000000000800459b        0x1 
 .rodata.str1.4
                0x000000000800459c       0x25 /usr/lib/gcc/arm-none-eabi/9.2.1/../../../arm-none-eabi/lib/thumb/v7e-m+fp/hard/libc_nano.a(lib_a-nano-vfprintf_i.o)
                0x00000000080045c4                . = ALIGN (0x4)
 *fill*         0x00000000080045c1        0x3 

.ARM.extab
 *(.ARM.extab* .gnu.linkonce.armextab.*)

.ARM            0x00000000080045c4        0x8
                0x00000000080045c4                __exidx_start = .
 *(.ARM.exidx*)
 .ARM.exidx     0x00000000080045c4        0x8 /usr/lib/gcc/arm-none-eabi/9.2.1/thumb/v7e-m+fp/hard/libgcc.a(_udivmoddi4.o)
                0x00000000080045cc                __exidx_end = .

.rel.dyn        0x00000000080045cc        0x0
 .rel.iplt      0x00000000080045cc        0x0 /usr/lib/gcc/arm-none-eabi/9.2.1/thumb/v7e-m+fp/hard/crtbegin.o

.preinit_array  0x00000000080045cc        0x0
                0x00000000080045cc                PROVIDE (__preinit_array_start = .)
 *(.preinit_array*)
                0x00000000080045cc                PROVIDE (__preinit_array_end = .)

.init_array     0x00000000080045cc        0x4
                0x00000000080045cc                PROVIDE (__init_array_start = .)
 *(SORT_BY_NAME(.init_array.*))
 *(.init_array*)
 .init_array    0x00000000080045cc        0x4 /usr/lib/gcc/arm-none-eabi/9.2.1/thumb/v7e-m+fp/hard/crtbegin.o
                0x00000000080045d0                PROVIDE (__init_array_end = .)

.fini_array     0x00000000080045d0        0x4
                0x00000000080045d0                PROVIDE (__fini_array_start = .)
 *(SORT_BY_NAME(.fini_array.*))
 *(.fini_array*)
 .fini_array    0x00000000080045d0        0x4 /usr/lib/gcc/arm-none-eabi/9.2.1/thumb/v7e-m+fp/hard/crtbegin.o
                0x00000000080045d4                PROVIDE (__fini_array_end = .)
                0x00000000080045d4                _sidata = LOADADDR (.data)

.data           0x0000000020000008       0x9c load address 0x00000000080045d4
                0x0000000020000008                . = ALIGN (0x4)
                0x0000000020000008                _sdata = .
 *(.data)
 .data          0x0000000020000008       0x64 /usr/lib/gcc/arm-none-eabi/9.2.1/../../../arm-none-eabi/lib/thumb/v7e-m+fp/hard/libc_nano.a(lib_a-impure.o)
                0x0000000020000008                _impure_ptr
 *(.data*)
 .data.RxMessage
                0x000000002000006c        0xa build/main.o
                0x000000002000006c                RxMessage
 *fill*         0x0000000020000076        0x2 
 .data.TxMessage
                0x0000000020000078        0xa build/main.o
                0x0000000020000078                TxMessage
 .data.uwTickFreq
                0x0000000020000082        0x1 build/stm32wbxx_hal.o
                0x0000000020000082                uwTickFreq
 *fill*         0x0000000020000083        0x1 
 .data.uwTickPrio
                0x0000000020000084        0x4 build/stm32wbxx_hal.o
                0x0000000020000084                uwTickPrio
 .data.SystemCoreClock
                0x0000000020000088        0x4 build/system_stm32wbxx.o
                0x0000000020000088                SystemCoreClock
 .data.led_map  0x000000002000008c       0x18 build/led.o
                0x000000002000008c                led_map
                0x00000000200000a4                . = ALIGN (0x4)
                0x00000000200000a4                _edata = .

.tm_clone_table
                0x00000000200000a4        0x0 load address 0x0000000008004670
 .tm_clone_table
                0x00000000200000a4        0x0 /usr/lib/gcc/arm-none-eabi/9.2.1/thumb/v7e-m+fp/hard/crtbegin.o
 .tm_clone_table
                0x00000000200000a4        0x0 /usr/lib/gcc/arm-none-eabi/9.2.1/thumb/v7e-m+fp/hard/crtend.o

.igot.plt       0x00000000200000a4        0x0 load address 0x0000000008004670
 .igot.plt      0x00000000200000a4        0x0 /usr/lib/gcc/arm-none-eabi/9.2.1/thumb/v7e-m+fp/hard/crtbegin.o
                0x00000000200000a4                . = ALIGN (0x4)

.bss            0x00000000200000a4      0x278 load address 0x0000000008004670
                0x00000000200000a4                _sbss = .
                0x00000000200000a4                __bss_start__ = _sbss
 *(.bss)
 .bss           0x00000000200000a4       0x1c /usr/lib/gcc/arm-none-eabi/9.2.1/thumb/v7e-m+fp/hard/crtbegin.o
 .bss           0x00000000200000c0        0x8 /usr/lib/gcc/arm-none-eabi/9.2.1/../../../arm-none-eabi/lib/thumb/v7e-m+fp/hard/libc_nano.a(lib_a-nano-mallocr.o)
                0x00000000200000c0                __malloc_free_list
                0x00000000200000c4                __malloc_sbrk_start
 .bss           0x00000000200000c8        0x4 /usr/lib/gcc/arm-none-eabi/9.2.1/../../../arm-none-eabi/lib/thumb/v7e-m+fp/hard/libnosys.a(sbrk.o)
 *(.bss*)
 *(COMMON)
 COMMON         0x00000000200000cc       0xda build/main.o
                0x00000000200000cc                Rh_byte1
                0x00000000200000ce                RH
                0x00000000200000d0                uartreadmessage
                0x0000000020000134                TEMP
                0x0000000020000138                txrx
                0x000000002000013c                led
                0x0000000020000148                i
                0x000000002000014c                Temp_byte1
                0x0000000020000150                idx
                0x000000002000015a                Rh_byte2
                0x000000002000015c                data
                0x000000002000017c                Rxresponse
                0x000000002000019a                SUM
                0x000000002000019c                Temp_byte2
                0x00000000200001a0                len
                0x00000000200001a4                status
 *fill*         0x00000000200001a6        0x2 
 COMMON         0x00000000200001a8      0x120 build/usart.o
                0x00000000200001a8                hlpuart1
                0x0000000020000238                huart1
 COMMON         0x00000000200002c8        0x4 build/stm32wbxx_hal.o
                0x00000000200002c8                uwTick
 COMMON         0x00000000200002cc       0x4c build/tim.o
                0x00000000200002cc                htim2
 COMMON         0x0000000020000318        0x4 /usr/lib/gcc/arm-none-eabi/9.2.1/../../../arm-none-eabi/lib/thumb/v7e-m+fp/hard/libc_nano.a(lib_a-reent.o)
                0x0000000020000318                errno
                0x000000002000031c                . = ALIGN (0x4)
                0x000000002000031c                _ebss = .
                0x000000002000031c                __bss_end__ = _ebss

._user_heap_stack
                0x000000002000031c      0x604 load address 0x0000000008004670
                0x0000000020000320                . = ALIGN (0x8)
 *fill*         0x000000002000031c        0x4 
                0x0000000020000320                PROVIDE (end = .)
                [!provide]                        PROVIDE (_end = .)
                0x0000000020000520                . = (. + _Min_Heap_Size)
 *fill*         0x0000000020000320      0x200 
                0x0000000020000920                . = (. + _Min_Stack_Size)
 *fill*         0x0000000020000520      0x400 
                0x0000000020000920                . = ALIGN (0x8)

/DISCARD/
 libc.a(*)
 libm.a(*)
 libgcc.a(*)

.ARM.attributes
                0x0000000000000000       0x30
 *(.ARM.attributes)
 .ARM.attributes
                0x0000000000000000       0x1e /usr/lib/gcc/arm-none-eabi/9.2.1/thumb/v7e-m+fp/hard/crti.o
 .ARM.attributes
                0x000000000000001e       0x34 /usr/lib/gcc/arm-none-eabi/9.2.1/thumb/v7e-m+fp/hard/crtbegin.o
 .ARM.attributes
                0x0000000000000052       0x34 build/main.o
 .ARM.attributes
                0x0000000000000086       0x34 build/gpio.o
 .ARM.attributes
                0x00000000000000ba       0x34 build/usart.o
 .ARM.attributes
                0x00000000000000ee       0x34 build/stm32wbxx_it.o
 .ARM.attributes
                0x0000000000000122       0x34 build/stm32wbxx_hal_msp.o
 .ARM.attributes
                0x0000000000000156       0x34 build/stm32wbxx_hal_tim.o
 .ARM.attributes
                0x000000000000018a       0x34 build/stm32wbxx_hal_tim_ex.o
 .ARM.attributes
                0x00000000000001be       0x34 build/stm32wbxx_hal_uart.o
 .ARM.attributes
                0x00000000000001f2       0x34 build/stm32wbxx_hal_uart_ex.o
 .ARM.attributes
                0x0000000000000226       0x34 build/stm32wbxx_hal_rcc.o
 .ARM.attributes
                0x000000000000025a       0x34 build/stm32wbxx_hal_rcc_ex.o
 .ARM.attributes
                0x000000000000028e       0x34 build/stm32wbxx_hal_gpio.o
 .ARM.attributes
                0x00000000000002c2       0x34 build/stm32wbxx_hal_pwr.o
 .ARM.attributes
                0x00000000000002f6       0x34 build/stm32wbxx_hal_pwr_ex.o
 .ARM.attributes
                0x000000000000032a       0x34 build/stm32wbxx_hal_cortex.o
 .ARM.attributes
                0x000000000000035e       0x34 build/stm32wbxx_hal.o
 .ARM.attributes
                0x0000000000000392       0x34 build/system_stm32wbxx.o
 .ARM.attributes
                0x00000000000003c6       0x34 build/syscalls.o
 .ARM.attributes
                0x00000000000003fa       0x34 build/led.o
 .ARM.attributes
                0x000000000000042e       0x34 build/tim.o
 .ARM.attributes
                0x0000000000000462       0x21 build/startup_stm32wb55xx_cm4.o
 .ARM.attributes
                0x0000000000000483       0x32 /usr/lib/gcc/arm-none-eabi/9.2.1/../../../arm-none-eabi/lib/thumb/v7e-m+fp/hard/libc_nano.a(lib_a-impure.o)
 .ARM.attributes
                0x00000000000004b5       0x34 /usr/lib/gcc/arm-none-eabi/9.2.1/../../../arm-none-eabi/lib/thumb/v7e-m+fp/hard/libc_nano.a(lib_a-init.o)
 .ARM.attributes
                0x00000000000004e9       0x34 /usr/lib/gcc/arm-none-eabi/9.2.1/../../../arm-none-eabi/lib/thumb/v7e-m+fp/hard/libc_nano.a(lib_a-memset.o)
 .ARM.attributes
                0x000000000000051d       0x34 /usr/lib/gcc/arm-none-eabi/9.2.1/../../../arm-none-eabi/lib/thumb/v7e-m+fp/hard/libc_nano.a(lib_a-printf.o)
 .ARM.attributes
                0x0000000000000551       0x1c /usr/lib/gcc/arm-none-eabi/9.2.1/../../../arm-none-eabi/lib/thumb/v7e-m+fp/hard/libc_nano.a(lib_a-strlen.o)
 .ARM.attributes
                0x000000000000056d       0x34 /usr/lib/gcc/arm-none-eabi/9.2.1/../../../arm-none-eabi/lib/thumb/v7e-m+fp/hard/libc_nano.a(lib_a-findfp.o)
 .ARM.attributes
                0x00000000000005a1       0x34 /usr/lib/gcc/arm-none-eabi/9.2.1/../../../arm-none-eabi/lib/thumb/v7e-m+fp/hard/libc_nano.a(lib_a-fwalk.o)
 .ARM.attributes
                0x00000000000005d5       0x34 /usr/lib/gcc/arm-none-eabi/9.2.1/../../../arm-none-eabi/lib/thumb/v7e-m+fp/hard/libc_nano.a(lib_a-nano-mallocr.o)
 .ARM.attributes
                0x0000000000000609       0x34 /usr/lib/gcc/arm-none-eabi/9.2.1/../../../arm-none-eabi/lib/thumb/v7e-m+fp/hard/libc_nano.a(lib_a-nano-vfprintf.o)
 .ARM.attributes
                0x000000000000063d       0x34 /usr/lib/gcc/arm-none-eabi/9.2.1/../../../arm-none-eabi/lib/thumb/v7e-m+fp/hard/libc_nano.a(lib_a-nano-vfprintf_i.o)
 .ARM.attributes
                0x0000000000000671       0x34 /usr/lib/gcc/arm-none-eabi/9.2.1/../../../arm-none-eabi/lib/thumb/v7e-m+fp/hard/libc_nano.a(lib_a-sbrkr.o)
 .ARM.attributes
                0x00000000000006a5       0x34 /usr/lib/gcc/arm-none-eabi/9.2.1/../../../arm-none-eabi/lib/thumb/v7e-m+fp/hard/libc_nano.a(lib_a-stdio.o)
 .ARM.attributes
                0x00000000000006d9       0x34 /usr/lib/gcc/arm-none-eabi/9.2.1/../../../arm-none-eabi/lib/thumb/v7e-m+fp/hard/libc_nano.a(lib_a-wbuf.o)
 .ARM.attributes
                0x000000000000070d       0x34 /usr/lib/gcc/arm-none-eabi/9.2.1/../../../arm-none-eabi/lib/thumb/v7e-m+fp/hard/libc_nano.a(lib_a-writer.o)
 .ARM.attributes
                0x0000000000000741       0x34 /usr/lib/gcc/arm-none-eabi/9.2.1/../../../arm-none-eabi/lib/thumb/v7e-m+fp/hard/libc_nano.a(lib_a-wsetup.o)
 .ARM.attributes
                0x0000000000000775       0x34 /usr/lib/gcc/arm-none-eabi/9.2.1/../../../arm-none-eabi/lib/thumb/v7e-m+fp/hard/libc_nano.a(lib_a-closer.o)
 .ARM.attributes
                0x00000000000007a9       0x34 /usr/lib/gcc/arm-none-eabi/9.2.1/../../../arm-none-eabi/lib/thumb/v7e-m+fp/hard/libc_nano.a(lib_a-fflush.o)
 .ARM.attributes
                0x00000000000007dd       0x34 /usr/lib/gcc/arm-none-eabi/9.2.1/../../../arm-none-eabi/lib/thumb/v7e-m+fp/hard/libc_nano.a(lib_a-fvwrite.o)
 .ARM.attributes
                0x0000000000000811       0x34 /usr/lib/gcc/arm-none-eabi/9.2.1/../../../arm-none-eabi/lib/thumb/v7e-m+fp/hard/libc_nano.a(lib_a-lseekr.o)
 .ARM.attributes
                0x0000000000000845       0x34 /usr/lib/gcc/arm-none-eabi/9.2.1/../../../arm-none-eabi/lib/thumb/v7e-m+fp/hard/libc_nano.a(lib_a-makebuf.o)
 .ARM.attributes
                0x0000000000000879       0x1c /usr/lib/gcc/arm-none-eabi/9.2.1/../../../arm-none-eabi/lib/thumb/v7e-m+fp/hard/libc_nano.a(lib_a-memchr.o)
 .ARM.attributes
                0x0000000000000895       0x1c /usr/lib/gcc/arm-none-eabi/9.2.1/../../../arm-none-eabi/lib/thumb/v7e-m+fp/hard/libc_nano.a(lib_a-memcpy.o)
 .ARM.attributes
                0x00000000000008b1       0x34 /usr/lib/gcc/arm-none-eabi/9.2.1/../../../arm-none-eabi/lib/thumb/v7e-m+fp/hard/libc_nano.a(lib_a-memmove.o)
 .ARM.attributes
                0x00000000000008e5       0x34 /usr/lib/gcc/arm-none-eabi/9.2.1/../../../arm-none-eabi/lib/thumb/v7e-m+fp/hard/libc_nano.a(lib_a-mlock.o)
 .ARM.attributes
                0x0000000000000919       0x34 /usr/lib/gcc/arm-none-eabi/9.2.1/../../../arm-none-eabi/lib/thumb/v7e-m+fp/hard/libc_nano.a(lib_a-nano-freer.o)
 .ARM.attributes
                0x000000000000094d       0x34 /usr/lib/gcc/arm-none-eabi/9.2.1/../../../arm-none-eabi/lib/thumb/v7e-m+fp/hard/libc_nano.a(lib_a-nano-reallocr.o)
 .ARM.attributes
                0x0000000000000981       0x34 /usr/lib/gcc/arm-none-eabi/9.2.1/../../../arm-none-eabi/lib/thumb/v7e-m+fp/hard/libc_nano.a(lib_a-readr.o)
 .ARM.attributes
                0x00000000000009b5       0x34 /usr/lib/gcc/arm-none-eabi/9.2.1/../../../arm-none-eabi/lib/thumb/v7e-m+fp/hard/libc_nano.a(lib_a-reent.o)
 .ARM.attributes
                0x00000000000009e9       0x34 /usr/lib/gcc/arm-none-eabi/9.2.1/../../../arm-none-eabi/lib/thumb/v7e-m+fp/hard/libc_nano.a(lib_a-fstatr.o)
 .ARM.attributes
                0x0000000000000a1d       0x34 /usr/lib/gcc/arm-none-eabi/9.2.1/../../../arm-none-eabi/lib/thumb/v7e-m+fp/hard/libc_nano.a(lib_a-isattyr.o)
 .ARM.attributes
                0x0000000000000a51       0x34 /usr/lib/gcc/arm-none-eabi/9.2.1/../../../arm-none-eabi/lib/thumb/v7e-m+fp/hard/libc_nano.a(lib_a-nano-msizer.o)
 .ARM.attributes
                0x0000000000000a85       0x34 /usr/lib/gcc/arm-none-eabi/9.2.1/../../../arm-none-eabi/lib/thumb/v7e-m+fp/hard/libnosys.a(close.o)
 .ARM.attributes
                0x0000000000000ab9       0x34 /usr/lib/gcc/arm-none-eabi/9.2.1/../../../arm-none-eabi/lib/thumb/v7e-m+fp/hard/libnosys.a(fstat.o)
 .ARM.attributes
                0x0000000000000aed       0x34 /usr/lib/gcc/arm-none-eabi/9.2.1/../../../arm-none-eabi/lib/thumb/v7e-m+fp/hard/libnosys.a(isatty.o)
 .ARM.attributes
                0x0000000000000b21       0x34 /usr/lib/gcc/arm-none-eabi/9.2.1/../../../arm-none-eabi/lib/thumb/v7e-m+fp/hard/libnosys.a(lseek.o)
 .ARM.attributes
                0x0000000000000b55       0x34 /usr/lib/gcc/arm-none-eabi/9.2.1/../../../arm-none-eabi/lib/thumb/v7e-m+fp/hard/libnosys.a(read.o)
 .ARM.attributes
                0x0000000000000b89       0x34 /usr/lib/gcc/arm-none-eabi/9.2.1/../../../arm-none-eabi/lib/thumb/v7e-m+fp/hard/libnosys.a(sbrk.o)
 .ARM.attributes
                0x0000000000000bbd       0x1e /usr/lib/gcc/arm-none-eabi/9.2.1/thumb/v7e-m+fp/hard/libgcc.a(_aeabi_uldivmod.o)
 .ARM.attributes
                0x0000000000000bdb       0x34 /usr/lib/gcc/arm-none-eabi/9.2.1/thumb/v7e-m+fp/hard/libgcc.a(_udivmoddi4.o)
 .ARM.attributes
                0x0000000000000c0f       0x1e /usr/lib/gcc/arm-none-eabi/9.2.1/thumb/v7e-m+fp/hard/libgcc.a(_dvmd_tls.o)
 .ARM.attributes
                0x0000000000000c2d       0x32 /usr/lib/gcc/arm-none-eabi/9.2.1/thumb/v7e-m+fp/hard/crtend.o
 .ARM.attributes
                0x0000000000000c5f       0x1e /usr/lib/gcc/arm-none-eabi/9.2.1/thumb/v7e-m+fp/hard/crtn.o

MAPPING_TABLE
 *(MAPPING_TABLE)

MB_MEM1
 *(MB_MEM1)

MB_MEM2         0x0000000020030000        0x0
                0x0000000020030000                _sMB_MEM2 = .
 *(MB_MEM2)
                0x0000000020030000                _eMB_MEM2 = .
OUTPUT(build/sample-app.elf elf32-littlearm)
LOAD linker stubs
LOAD /usr/lib/gcc/arm-none-eabi/9.2.1/../../../arm-none-eabi/lib/thumb/v7e-m+fp/hard/libc.a
LOAD /usr/lib/gcc/arm-none-eabi/9.2.1/../../../arm-none-eabi/lib/thumb/v7e-m+fp/hard/libm.a
LOAD /usr/lib/gcc/arm-none-eabi/9.2.1/thumb/v7e-m+fp/hard/libgcc.a

.comment        0x0000000000000000       0xa7
 .comment       0x0000000000000000       0x59 /usr/lib/gcc/arm-none-eabi/9.2.1/thumb/v7e-m+fp/hard/crtbegin.o
                                         0x5a (size before relaxing)
 .comment       0x0000000000000059       0x5a build/main.o
 .comment       0x0000000000000059       0x5a build/gpio.o
 .comment       0x0000000000000059       0x5a build/usart.o
 .comment       0x0000000000000059       0x5a build/stm32wbxx_it.o
 .comment       0x0000000000000059       0x5a build/stm32wbxx_hal_msp.o
 .comment       0x0000000000000059       0x5a build/stm32wbxx_hal_tim.o
 .comment       0x0000000000000059       0x5a build/stm32wbxx_hal_tim_ex.o
 .comment       0x0000000000000059       0x5a build/stm32wbxx_hal_uart.o
 .comment       0x0000000000000059       0x5a build/stm32wbxx_hal_uart_ex.o
 .comment       0x0000000000000059       0x5a build/stm32wbxx_hal_rcc.o
 .comment       0x0000000000000059       0x5a build/stm32wbxx_hal_rcc_ex.o
 .comment       0x0000000000000059       0x5a build/stm32wbxx_hal_gpio.o
 .comment       0x0000000000000059       0x5a build/stm32wbxx_hal_pwr.o
 .comment       0x0000000000000059       0x5a build/stm32wbxx_hal_pwr_ex.o
 .comment       0x0000000000000059       0x5a build/stm32wbxx_hal_cortex.o
 .comment       0x0000000000000059       0x5a build/stm32wbxx_hal.o
 .comment       0x0000000000000059       0x5a build/system_stm32wbxx.o
 .comment       0x0000000000000059       0x5a build/syscalls.o
 .comment       0x0000000000000059       0x5a build/led.o
 .comment       0x0000000000000059       0x5a build/tim.o
 .comment       0x0000000000000059       0x4e /usr/lib/gcc/arm-none-eabi/9.2.1/../../../arm-none-eabi/lib/thumb/v7e-m+fp/hard/libc_nano.a(lib_a-impure.o)
                                         0x4f (size before relaxing)
 .comment       0x00000000000000a7       0x4f /usr/lib/gcc/arm-none-eabi/9.2.1/../../../arm-none-eabi/lib/thumb/v7e-m+fp/hard/libc_nano.a(lib_a-init.o)
 .comment       0x00000000000000a7       0x4f /usr/lib/gcc/arm-none-eabi/9.2.1/../../../arm-none-eabi/lib/thumb/v7e-m+fp/hard/libc_nano.a(lib_a-memset.o)
 .comment       0x00000000000000a7       0x4f /usr/lib/gcc/arm-none-eabi/9.2.1/../../../arm-none-eabi/lib/thumb/v7e-m+fp/hard/libc_nano.a(lib_a-printf.o)
 .comment       0x00000000000000a7       0x4f /usr/lib/gcc/arm-none-eabi/9.2.1/../../../arm-none-eabi/lib/thumb/v7e-m+fp/hard/libc_nano.a(lib_a-findfp.o)
 .comment       0x00000000000000a7       0x4f /usr/lib/gcc/arm-none-eabi/9.2.1/../../../arm-none-eabi/lib/thumb/v7e-m+fp/hard/libc_nano.a(lib_a-fwalk.o)
 .comment       0x00000000000000a7       0x4f /usr/lib/gcc/arm-none-eabi/9.2.1/../../../arm-none-eabi/lib/thumb/v7e-m+fp/hard/libc_nano.a(lib_a-nano-mallocr.o)
 .comment       0x00000000000000a7       0x4f /usr/lib/gcc/arm-none-eabi/9.2.1/../../../arm-none-eabi/lib/thumb/v7e-m+fp/hard/libc_nano.a(lib_a-nano-vfprintf.o)
 .comment       0x00000000000000a7       0x4f /usr/lib/gcc/arm-none-eabi/9.2.1/../../../arm-none-eabi/lib/thumb/v7e-m+fp/hard/libc_nano.a(lib_a-nano-vfprintf_i.o)
 .comment       0x00000000000000a7       0x4f /usr/lib/gcc/arm-none-eabi/9.2.1/../../../arm-none-eabi/lib/thumb/v7e-m+fp/hard/libc_nano.a(lib_a-sbrkr.o)
 .comment       0x00000000000000a7       0x4f /usr/lib/gcc/arm-none-eabi/9.2.1/../../../arm-none-eabi/lib/thumb/v7e-m+fp/hard/libc_nano.a(lib_a-stdio.o)
 .comment       0x00000000000000a7       0x4f /usr/lib/gcc/arm-none-eabi/9.2.1/../../../arm-none-eabi/lib/thumb/v7e-m+fp/hard/libc_nano.a(lib_a-wbuf.o)
 .comment       0x00000000000000a7       0x4f /usr/lib/gcc/arm-none-eabi/9.2.1/../../../arm-none-eabi/lib/thumb/v7e-m+fp/hard/libc_nano.a(lib_a-writer.o)
 .comment       0x00000000000000a7       0x4f /usr/lib/gcc/arm-none-eabi/9.2.1/../../../arm-none-eabi/lib/thumb/v7e-m+fp/hard/libc_nano.a(lib_a-wsetup.o)
 .comment       0x00000000000000a7       0x4f /usr/lib/gcc/arm-none-eabi/9.2.1/../../../arm-none-eabi/lib/thumb/v7e-m+fp/hard/libc_nano.a(lib_a-closer.o)
 .comment       0x00000000000000a7       0x4f /usr/lib/gcc/arm-none-eabi/9.2.1/../../../arm-none-eabi/lib/thumb/v7e-m+fp/hard/libc_nano.a(lib_a-fflush.o)
 .comment       0x00000000000000a7       0x4f /usr/lib/gcc/arm-none-eabi/9.2.1/../../../arm-none-eabi/lib/thumb/v7e-m+fp/hard/libc_nano.a(lib_a-fvwrite.o)
 .comment       0x00000000000000a7       0x4f /usr/lib/gcc/arm-none-eabi/9.2.1/../../../arm-none-eabi/lib/thumb/v7e-m+fp/hard/libc_nano.a(lib_a-lseekr.o)
 .comment       0x00000000000000a7       0x4f /usr/lib/gcc/arm-none-eabi/9.2.1/../../../arm-none-eabi/lib/thumb/v7e-m+fp/hard/libc_nano.a(lib_a-makebuf.o)
 .comment       0x00000000000000a7       0x4f /usr/lib/gcc/arm-none-eabi/9.2.1/../../../arm-none-eabi/lib/thumb/v7e-m+fp/hard/libc_nano.a(lib_a-memmove.o)
 .comment       0x00000000000000a7       0x4f /usr/lib/gcc/arm-none-eabi/9.2.1/../../../arm-none-eabi/lib/thumb/v7e-m+fp/hard/libc_nano.a(lib_a-mlock.o)
 .comment       0x00000000000000a7       0x4f /usr/lib/gcc/arm-none-eabi/9.2.1/../../../arm-none-eabi/lib/thumb/v7e-m+fp/hard/libc_nano.a(lib_a-nano-freer.o)
 .comment       0x00000000000000a7       0x4f /usr/lib/gcc/arm-none-eabi/9.2.1/../../../arm-none-eabi/lib/thumb/v7e-m+fp/hard/libc_nano.a(lib_a-nano-reallocr.o)
 .comment       0x00000000000000a7       0x4f /usr/lib/gcc/arm-none-eabi/9.2.1/../../../arm-none-eabi/lib/thumb/v7e-m+fp/hard/libc_nano.a(lib_a-readr.o)
 .comment       0x00000000000000a7       0x4f /usr/lib/gcc/arm-none-eabi/9.2.1/../../../arm-none-eabi/lib/thumb/v7e-m+fp/hard/libc_nano.a(lib_a-reent.o)
 .comment       0x00000000000000a7       0x4f /usr/lib/gcc/arm-none-eabi/9.2.1/../../../arm-none-eabi/lib/thumb/v7e-m+fp/hard/libc_nano.a(lib_a-fstatr.o)
 .comment       0x00000000000000a7       0x4f /usr/lib/gcc/arm-none-eabi/9.2.1/../../../arm-none-eabi/lib/thumb/v7e-m+fp/hard/libc_nano.a(lib_a-isattyr.o)
 .comment       0x00000000000000a7       0x4f /usr/lib/gcc/arm-none-eabi/9.2.1/../../../arm-none-eabi/lib/thumb/v7e-m+fp/hard/libc_nano.a(lib_a-nano-msizer.o)
 .comment       0x00000000000000a7       0x4f /usr/lib/gcc/arm-none-eabi/9.2.1/../../../arm-none-eabi/lib/thumb/v7e-m+fp/hard/libnosys.a(close.o)
 .comment       0x00000000000000a7       0x4f /usr/lib/gcc/arm-none-eabi/9.2.1/../../../arm-none-eabi/lib/thumb/v7e-m+fp/hard/libnosys.a(fstat.o)
 .comment       0x00000000000000a7       0x4f /usr/lib/gcc/arm-none-eabi/9.2.1/../../../arm-none-eabi/lib/thumb/v7e-m+fp/hard/libnosys.a(isatty.o)
 .comment       0x00000000000000a7       0x4f /usr/lib/gcc/arm-none-eabi/9.2.1/../../../arm-none-eabi/lib/thumb/v7e-m+fp/hard/libnosys.a(lseek.o)
 .comment       0x00000000000000a7       0x4f /usr/lib/gcc/arm-none-eabi/9.2.1/../../../arm-none-eabi/lib/thumb/v7e-m+fp/hard/libnosys.a(read.o)
 .comment       0x00000000000000a7       0x4f /usr/lib/gcc/arm-none-eabi/9.2.1/../../../arm-none-eabi/lib/thumb/v7e-m+fp/hard/libnosys.a(sbrk.o)
 .comment       0x00000000000000a7       0x5a /usr/lib/gcc/arm-none-eabi/9.2.1/thumb/v7e-m+fp/hard/libgcc.a(_udivmoddi4.o)
 .comment       0x00000000000000a7       0x5a /usr/lib/gcc/arm-none-eabi/9.2.1/thumb/v7e-m+fp/hard/crtend.o

.debug_info     0x0000000000000000    0x3b405
 .debug_info    0x0000000000000000     0x2a45 build/main.o
 .debug_info    0x0000000000002a45      0x979 build/gpio.o
 .debug_info    0x00000000000033be     0x15d6 build/usart.o
 .debug_info    0x0000000000004994      0x357 build/stm32wbxx_it.o
 .debug_info    0x0000000000004ceb      0x289 build/stm32wbxx_hal_msp.o
 .debug_info    0x0000000000004f74     0x449d build/stm32wbxx_hal_tim.o
 .debug_info    0x0000000000009411     0x22c7 build/stm32wbxx_hal_tim_ex.o
 .debug_info    0x000000000000b6d8     0x66d4 build/stm32wbxx_hal_uart.o
 .debug_info    0x0000000000011dac     0x14f7 build/stm32wbxx_hal_uart_ex.o
 .debug_info    0x00000000000132a3     0x2792 build/stm32wbxx_hal_rcc.o
 .debug_info    0x0000000000015a35     0x36cc build/stm32wbxx_hal_rcc_ex.o
 .debug_info    0x0000000000019101      0x987 build/stm32wbxx_hal_gpio.o
 .debug_info    0x0000000000019a88      0xcfd build/stm32wbxx_hal_pwr.o
 .debug_info    0x000000000001a785     0x17a8 build/stm32wbxx_hal_pwr_ex.o
 .debug_info    0x000000000001bf2d     0x1232 build/stm32wbxx_hal_cortex.o
 .debug_info    0x000000000001d15f     0x1a96 build/stm32wbxx_hal.o
 .debug_info    0x000000000001ebf5      0x95e build/system_stm32wbxx.o
 .debug_info    0x000000000001f553      0xae5 build/syscalls.o
 .debug_info    0x0000000000020038      0x4ea build/led.o
 .debug_info    0x0000000000020522     0x10ac build/tim.o
 .debug_info    0x00000000000215ce       0x22 build/startup_stm32wb55xx_cm4.o
 .debug_info    0x00000000000215f0      0x92a /usr/lib/gcc/arm-none-eabi/9.2.1/../../../arm-none-eabi/lib/thumb/v7e-m+fp/hard/libc_nano.a(lib_a-impure.o)
 .debug_info    0x0000000000021f1a      0x11a /usr/lib/gcc/arm-none-eabi/9.2.1/../../../arm-none-eabi/lib/thumb/v7e-m+fp/hard/libc_nano.a(lib_a-init.o)
 .debug_info    0x0000000000022034      0xf21 /usr/lib/gcc/arm-none-eabi/9.2.1/../../../arm-none-eabi/lib/thumb/v7e-m+fp/hard/libc_nano.a(lib_a-memset.o)
 .debug_info    0x0000000000022f55      0xc67 /usr/lib/gcc/arm-none-eabi/9.2.1/../../../arm-none-eabi/lib/thumb/v7e-m+fp/hard/libc_nano.a(lib_a-printf.o)
 .debug_info    0x0000000000023bbc       0x26 /usr/lib/gcc/arm-none-eabi/9.2.1/../../../arm-none-eabi/lib/thumb/v7e-m+fp/hard/libc_nano.a(lib_a-strlen.o)
 .debug_info    0x0000000000023be2     0x11a8 /usr/lib/gcc/arm-none-eabi/9.2.1/../../../arm-none-eabi/lib/thumb/v7e-m+fp/hard/libc_nano.a(lib_a-findfp.o)
 .debug_info    0x0000000000024d8a      0xca4 /usr/lib/gcc/arm-none-eabi/9.2.1/../../../arm-none-eabi/lib/thumb/v7e-m+fp/hard/libc_nano.a(lib_a-fwalk.o)
 .debug_info    0x0000000000025a2e      0xc5a /usr/lib/gcc/arm-none-eabi/9.2.1/../../../arm-none-eabi/lib/thumb/v7e-m+fp/hard/libc_nano.a(lib_a-nano-mallocr.o)
 .debug_info    0x0000000000026688     0x176a /usr/lib/gcc/arm-none-eabi/9.2.1/../../../arm-none-eabi/lib/thumb/v7e-m+fp/hard/libc_nano.a(lib_a-nano-vfprintf.o)
 .debug_info    0x0000000000027df2     0x1592 /usr/lib/gcc/arm-none-eabi/9.2.1/../../../arm-none-eabi/lib/thumb/v7e-m+fp/hard/libc_nano.a(lib_a-nano-vfprintf_i.o)
 .debug_info    0x0000000000029384      0x9fb /usr/lib/gcc/arm-none-eabi/9.2.1/../../../arm-none-eabi/lib/thumb/v7e-m+fp/hard/libc_nano.a(lib_a-sbrkr.o)
 .debug_info    0x0000000000029d7f      0xe67 /usr/lib/gcc/arm-none-eabi/9.2.1/../../../arm-none-eabi/lib/thumb/v7e-m+fp/hard/libc_nano.a(lib_a-stdio.o)
 .debug_info    0x000000000002abe6      0xc90 /usr/lib/gcc/arm-none-eabi/9.2.1/../../../arm-none-eabi/lib/thumb/v7e-m+fp/hard/libc_nano.a(lib_a-wbuf.o)
 .debug_info    0x000000000002b876      0xa2c /usr/lib/gcc/arm-none-eabi/9.2.1/../../../arm-none-eabi/lib/thumb/v7e-m+fp/hard/libc_nano.a(lib_a-writer.o)
 .debug_info    0x000000000002c2a2      0xbfa /usr/lib/gcc/arm-none-eabi/9.2.1/../../../arm-none-eabi/lib/thumb/v7e-m+fp/hard/libc_nano.a(lib_a-wsetup.o)
 .debug_info    0x000000000002ce9c      0x9d8 /usr/lib/gcc/arm-none-eabi/9.2.1/../../../arm-none-eabi/lib/thumb/v7e-m+fp/hard/libc_nano.a(lib_a-closer.o)
 .debug_info    0x000000000002d874      0xd73 /usr/lib/gcc/arm-none-eabi/9.2.1/../../../arm-none-eabi/lib/thumb/v7e-m+fp/hard/libc_nano.a(lib_a-fflush.o)
 .debug_info    0x000000000002e5e7      0xeed /usr/lib/gcc/arm-none-eabi/9.2.1/../../../arm-none-eabi/lib/thumb/v7e-m+fp/hard/libc_nano.a(lib_a-fvwrite.o)
 .debug_info    0x000000000002f4d4      0xa0d /usr/lib/gcc/arm-none-eabi/9.2.1/../../../arm-none-eabi/lib/thumb/v7e-m+fp/hard/libc_nano.a(lib_a-lseekr.o)
 .debug_info    0x000000000002fee1      0xf68 /usr/lib/gcc/arm-none-eabi/9.2.1/../../../arm-none-eabi/lib/thumb/v7e-m+fp/hard/libc_nano.a(lib_a-makebuf.o)
 .debug_info    0x0000000000030e49       0x26 /usr/lib/gcc/arm-none-eabi/9.2.1/../../../arm-none-eabi/lib/thumb/v7e-m+fp/hard/libc_nano.a(lib_a-memchr.o)
 .debug_info    0x0000000000030e6f       0x26 /usr/lib/gcc/arm-none-eabi/9.2.1/../../../arm-none-eabi/lib/thumb/v7e-m+fp/hard/libc_nano.a(lib_a-memcpy.o)
 .debug_info    0x0000000000030e95      0xf2b /usr/lib/gcc/arm-none-eabi/9.2.1/../../../arm-none-eabi/lib/thumb/v7e-m+fp/hard/libc_nano.a(lib_a-memmove.o)
 .debug_info    0x0000000000031dc0      0x961 /usr/lib/gcc/arm-none-eabi/9.2.1/../../../arm-none-eabi/lib/thumb/v7e-m+fp/hard/libc_nano.a(lib_a-mlock.o)
 .debug_info    0x0000000000032721      0xb85 /usr/lib/gcc/arm-none-eabi/9.2.1/../../../arm-none-eabi/lib/thumb/v7e-m+fp/hard/libc_nano.a(lib_a-nano-freer.o)
 .debug_info    0x00000000000332a6      0xb77 /usr/lib/gcc/arm-none-eabi/9.2.1/../../../arm-none-eabi/lib/thumb/v7e-m+fp/hard/libc_nano.a(lib_a-nano-reallocr.o)
 .debug_info    0x0000000000033e1d      0xa25 /usr/lib/gcc/arm-none-eabi/9.2.1/../../../arm-none-eabi/lib/thumb/v7e-m+fp/hard/libc_nano.a(lib_a-readr.o)
 .debug_info    0x0000000000034842      0xb0f /usr/lib/gcc/arm-none-eabi/9.2.1/../../../arm-none-eabi/lib/thumb/v7e-m+fp/hard/libc_nano.a(lib_a-reent.o)
 .debug_info    0x0000000000035351      0xc24 /usr/lib/gcc/arm-none-eabi/9.2.1/../../../arm-none-eabi/lib/thumb/v7e-m+fp/hard/libc_nano.a(lib_a-fstatr.o)
 .debug_info    0x0000000000035f75      0x9d8 /usr/lib/gcc/arm-none-eabi/9.2.1/../../../arm-none-eabi/lib/thumb/v7e-m+fp/hard/libc_nano.a(lib_a-isattyr.o)
 .debug_info    0x000000000003694d      0xaa6 /usr/lib/gcc/arm-none-eabi/9.2.1/../../../arm-none-eabi/lib/thumb/v7e-m+fp/hard/libc_nano.a(lib_a-nano-msizer.o)
 .debug_info    0x00000000000373f3      0x96e /usr/lib/gcc/arm-none-eabi/9.2.1/../../../arm-none-eabi/lib/thumb/v7e-m+fp/hard/libnosys.a(close.o)
 .debug_info    0x0000000000037d61      0xbb1 /usr/lib/gcc/arm-none-eabi/9.2.1/../../../arm-none-eabi/lib/thumb/v7e-m+fp/hard/libnosys.a(fstat.o)
 .debug_info    0x0000000000038912      0x96e /usr/lib/gcc/arm-none-eabi/9.2.1/../../../arm-none-eabi/lib/thumb/v7e-m+fp/hard/libnosys.a(isatty.o)
 .debug_info    0x0000000000039280      0x990 /usr/lib/gcc/arm-none-eabi/9.2.1/../../../arm-none-eabi/lib/thumb/v7e-m+fp/hard/libnosys.a(lseek.o)
 .debug_info    0x0000000000039c10      0x990 /usr/lib/gcc/arm-none-eabi/9.2.1/../../../arm-none-eabi/lib/thumb/v7e-m+fp/hard/libnosys.a(read.o)
 .debug_info    0x000000000003a5a0       0x9d /usr/lib/gcc/arm-none-eabi/9.2.1/../../../arm-none-eabi/lib/thumb/v7e-m+fp/hard/libnosys.a(sbrk.o)
 .debug_info    0x000000000003a63d       0x26 /usr/lib/gcc/arm-none-eabi/9.2.1/thumb/v7e-m+fp/hard/libgcc.a(_aeabi_uldivmod.o)
 .debug_info    0x000000000003a663      0xd7c /usr/lib/gcc/arm-none-eabi/9.2.1/thumb/v7e-m+fp/hard/libgcc.a(_udivmoddi4.o)
 .debug_info    0x000000000003b3df       0x26 /usr/lib/gcc/arm-none-eabi/9.2.1/thumb/v7e-m+fp/hard/libgcc.a(_dvmd_tls.o)

.debug_abbrev   0x0000000000000000     0x7ffe
 .debug_abbrev  0x0000000000000000      0x3b8 build/main.o
 .debug_abbrev  0x00000000000003b8      0x1e0 build/gpio.o
 .debug_abbrev  0x0000000000000598      0x265 build/usart.o
 .debug_abbrev  0x00000000000007fd      0x112 build/stm32wbxx_it.o
 .debug_abbrev  0x000000000000090f       0xd7 build/stm32wbxx_hal_msp.o
 .debug_abbrev  0x00000000000009e6      0x2af build/stm32wbxx_hal_tim.o
 .debug_abbrev  0x0000000000000c95      0x2ab build/stm32wbxx_hal_tim_ex.o
 .debug_abbrev  0x0000000000000f40      0x357 build/stm32wbxx_hal_uart.o
 .debug_abbrev  0x0000000000001297      0x32e build/stm32wbxx_hal_uart_ex.o
 .debug_abbrev  0x00000000000015c5      0x331 build/stm32wbxx_hal_rcc.o
 .debug_abbrev  0x00000000000018f6      0x45c build/stm32wbxx_hal_rcc_ex.o
 .debug_abbrev  0x0000000000001d52      0x244 build/stm32wbxx_hal_gpio.o
 .debug_abbrev  0x0000000000001f96      0x228 build/stm32wbxx_hal_pwr.o
 .debug_abbrev  0x00000000000021be      0x3a8 build/stm32wbxx_hal_pwr_ex.o
 .debug_abbrev  0x0000000000002566      0x39f build/stm32wbxx_hal_cortex.o
 .debug_abbrev  0x0000000000002905      0x392 build/stm32wbxx_hal.o
 .debug_abbrev  0x0000000000002c97      0x179 build/system_stm32wbxx.o
 .debug_abbrev  0x0000000000002e10      0x1be build/syscalls.o
 .debug_abbrev  0x0000000000002fce      0x1b7 build/led.o
 .debug_abbrev  0x0000000000003185      0x261 build/tim.o
 .debug_abbrev  0x00000000000033e6       0x12 build/startup_stm32wb55xx_cm4.o
 .debug_abbrev  0x00000000000033f8      0x17a /usr/lib/gcc/arm-none-eabi/9.2.1/../../../arm-none-eabi/lib/thumb/v7e-m+fp/hard/libc_nano.a(lib_a-impure.o)
 .debug_abbrev  0x0000000000003572       0xcc /usr/lib/gcc/arm-none-eabi/9.2.1/../../../arm-none-eabi/lib/thumb/v7e-m+fp/hard/libc_nano.a(lib_a-init.o)
 .debug_abbrev  0x000000000000363e      0x1d9 /usr/lib/gcc/arm-none-eabi/9.2.1/../../../arm-none-eabi/lib/thumb/v7e-m+fp/hard/libc_nano.a(lib_a-memset.o)
 .debug_abbrev  0x0000000000003817      0x29f /usr/lib/gcc/arm-none-eabi/9.2.1/../../../arm-none-eabi/lib/thumb/v7e-m+fp/hard/libc_nano.a(lib_a-printf.o)
 .debug_abbrev  0x0000000000003ab6       0x14 /usr/lib/gcc/arm-none-eabi/9.2.1/../../../arm-none-eabi/lib/thumb/v7e-m+fp/hard/libc_nano.a(lib_a-strlen.o)
 .debug_abbrev  0x0000000000003aca      0x3dc /usr/lib/gcc/arm-none-eabi/9.2.1/../../../arm-none-eabi/lib/thumb/v7e-m+fp/hard/libc_nano.a(lib_a-findfp.o)
 .debug_abbrev  0x0000000000003ea6      0x210 /usr/lib/gcc/arm-none-eabi/9.2.1/../../../arm-none-eabi/lib/thumb/v7e-m+fp/hard/libc_nano.a(lib_a-fwalk.o)
 .debug_abbrev  0x00000000000040b6      0x2d1 /usr/lib/gcc/arm-none-eabi/9.2.1/../../../arm-none-eabi/lib/thumb/v7e-m+fp/hard/libc_nano.a(lib_a-nano-mallocr.o)
 .debug_abbrev  0x0000000000004387      0x337 /usr/lib/gcc/arm-none-eabi/9.2.1/../../../arm-none-eabi/lib/thumb/v7e-m+fp/hard/libc_nano.a(lib_a-nano-vfprintf.o)
 .debug_abbrev  0x00000000000046be      0x2dc /usr/lib/gcc/arm-none-eabi/9.2.1/../../../arm-none-eabi/lib/thumb/v7e-m+fp/hard/libc_nano.a(lib_a-nano-vfprintf_i.o)
 .debug_abbrev  0x000000000000499a      0x212 /usr/lib/gcc/arm-none-eabi/9.2.1/../../../arm-none-eabi/lib/thumb/v7e-m+fp/hard/libc_nano.a(lib_a-sbrkr.o)
 .debug_abbrev  0x0000000000004bac      0x26f /usr/lib/gcc/arm-none-eabi/9.2.1/../../../arm-none-eabi/lib/thumb/v7e-m+fp/hard/libc_nano.a(lib_a-stdio.o)
 .debug_abbrev  0x0000000000004e1b      0x285 /usr/lib/gcc/arm-none-eabi/9.2.1/../../../arm-none-eabi/lib/thumb/v7e-m+fp/hard/libc_nano.a(lib_a-wbuf.o)
 .debug_abbrev  0x00000000000050a0      0x1ec /usr/lib/gcc/arm-none-eabi/9.2.1/../../../arm-none-eabi/lib/thumb/v7e-m+fp/hard/libc_nano.a(lib_a-writer.o)
 .debug_abbrev  0x000000000000528c      0x23a /usr/lib/gcc/arm-none-eabi/9.2.1/../../../arm-none-eabi/lib/thumb/v7e-m+fp/hard/libc_nano.a(lib_a-wsetup.o)
 .debug_abbrev  0x00000000000054c6      0x1e7 /usr/lib/gcc/arm-none-eabi/9.2.1/../../../arm-none-eabi/lib/thumb/v7e-m+fp/hard/libc_nano.a(lib_a-closer.o)
 .debug_abbrev  0x00000000000056ad      0x2e4 /usr/lib/gcc/arm-none-eabi/9.2.1/../../../arm-none-eabi/lib/thumb/v7e-m+fp/hard/libc_nano.a(lib_a-fflush.o)
 .debug_abbrev  0x0000000000005991      0x270 /usr/lib/gcc/arm-none-eabi/9.2.1/../../../arm-none-eabi/lib/thumb/v7e-m+fp/hard/libc_nano.a(lib_a-fvwrite.o)
 .debug_abbrev  0x0000000000005c01      0x1fb /usr/lib/gcc/arm-none-eabi/9.2.1/../../../arm-none-eabi/lib/thumb/v7e-m+fp/hard/libc_nano.a(lib_a-lseekr.o)
 .debug_abbrev  0x0000000000005dfc      0x2f6 /usr/lib/gcc/arm-none-eabi/9.2.1/../../../arm-none-eabi/lib/thumb/v7e-m+fp/hard/libc_nano.a(lib_a-makebuf.o)
 .debug_abbrev  0x00000000000060f2       0x14 /usr/lib/gcc/arm-none-eabi/9.2.1/../../../arm-none-eabi/lib/thumb/v7e-m+fp/hard/libc_nano.a(lib_a-memchr.o)
 .debug_abbrev  0x0000000000006106       0x14 /usr/lib/gcc/arm-none-eabi/9.2.1/../../../arm-none-eabi/lib/thumb/v7e-m+fp/hard/libc_nano.a(lib_a-memcpy.o)
 .debug_abbrev  0x000000000000611a      0x1de /usr/lib/gcc/arm-none-eabi/9.2.1/../../../arm-none-eabi/lib/thumb/v7e-m+fp/hard/libc_nano.a(lib_a-memmove.o)
 .debug_abbrev  0x00000000000062f8      0x1c5 /usr/lib/gcc/arm-none-eabi/9.2.1/../../../arm-none-eabi/lib/thumb/v7e-m+fp/hard/libc_nano.a(lib_a-mlock.o)
 .debug_abbrev  0x00000000000064bd      0x286 /usr/lib/gcc/arm-none-eabi/9.2.1/../../../arm-none-eabi/lib/thumb/v7e-m+fp/hard/libc_nano.a(lib_a-nano-freer.o)
 .debug_abbrev  0x0000000000006743      0x22a /usr/lib/gcc/arm-none-eabi/9.2.1/../../../arm-none-eabi/lib/thumb/v7e-m+fp/hard/libc_nano.a(lib_a-nano-reallocr.o)
 .debug_abbrev  0x000000000000696d      0x1e7 /usr/lib/gcc/arm-none-eabi/9.2.1/../../../arm-none-eabi/lib/thumb/v7e-m+fp/hard/libc_nano.a(lib_a-readr.o)
 .debug_abbrev  0x0000000000006b54      0x268 /usr/lib/gcc/arm-none-eabi/9.2.1/../../../arm-none-eabi/lib/thumb/v7e-m+fp/hard/libc_nano.a(lib_a-reent.o)
 .debug_abbrev  0x0000000000006dbc      0x1fb /usr/lib/gcc/arm-none-eabi/9.2.1/../../../arm-none-eabi/lib/thumb/v7e-m+fp/hard/libc_nano.a(lib_a-fstatr.o)
 .debug_abbrev  0x0000000000006fb7      0x1e7 /usr/lib/gcc/arm-none-eabi/9.2.1/../../../arm-none-eabi/lib/thumb/v7e-m+fp/hard/libc_nano.a(lib_a-isattyr.o)
 .debug_abbrev  0x000000000000719e      0x1e5 /usr/lib/gcc/arm-none-eabi/9.2.1/../../../arm-none-eabi/lib/thumb/v7e-m+fp/hard/libc_nano.a(lib_a-nano-msizer.o)
 .debug_abbrev  0x0000000000007383      0x1ea /usr/lib/gcc/arm-none-eabi/9.2.1/../../../arm-none-eabi/lib/thumb/v7e-m+fp/hard/libnosys.a(close.o)
 .debug_abbrev  0x000000000000756d      0x1fd /usr/lib/gcc/arm-none-eabi/9.2.1/../../../arm-none-eabi/lib/thumb/v7e-m+fp/hard/libnosys.a(fstat.o)
 .debug_abbrev  0x000000000000776a      0x1ea /usr/lib/gcc/arm-none-eabi/9.2.1/../../../arm-none-eabi/lib/thumb/v7e-m+fp/hard/libnosys.a(isatty.o)
 .debug_abbrev  0x0000000000007954      0x20f /usr/lib/gcc/arm-none-eabi/9.2.1/../../../arm-none-eabi/lib/thumb/v7e-m+fp/hard/libnosys.a(lseek.o)
 .debug_abbrev  0x0000000000007b63      0x20f /usr/lib/gcc/arm-none-eabi/9.2.1/../../../arm-none-eabi/lib/thumb/v7e-m+fp/hard/libnosys.a(read.o)
 .debug_abbrev  0x0000000000007d72       0xa2 /usr/lib/gcc/arm-none-eabi/9.2.1/../../../arm-none-eabi/lib/thumb/v7e-m+fp/hard/libnosys.a(sbrk.o)
 .debug_abbrev  0x0000000000007e14       0x14 /usr/lib/gcc/arm-none-eabi/9.2.1/thumb/v7e-m+fp/hard/libgcc.a(_aeabi_uldivmod.o)
 .debug_abbrev  0x0000000000007e28      0x1c2 /usr/lib/gcc/arm-none-eabi/9.2.1/thumb/v7e-m+fp/hard/libgcc.a(_udivmoddi4.o)
 .debug_abbrev  0x0000000000007fea       0x14 /usr/lib/gcc/arm-none-eabi/9.2.1/thumb/v7e-m+fp/hard/libgcc.a(_dvmd_tls.o)

.debug_loc      0x0000000000000000    0x1a0e1
 .debug_loc     0x0000000000000000      0x34d build/main.o
 .debug_loc     0x000000000000034d       0x90 build/gpio.o
 .debug_loc     0x00000000000003dd      0x1af build/usart.o
 .debug_loc     0x000000000000058c       0x20 build/stm32wbxx_it.o
 .debug_loc     0x00000000000005ac     0x60ce build/stm32wbxx_hal_tim.o
 .debug_loc     0x000000000000667a     0x2a87 build/stm32wbxx_hal_tim_ex.o
 .debug_loc     0x0000000000009101     0x610a build/stm32wbxx_hal_uart.o
 .debug_loc     0x000000000000f20b      0xe2c build/stm32wbxx_hal_uart_ex.o
 .debug_loc     0x0000000000010037     0x1068 build/stm32wbxx_hal_rcc.o
 .debug_loc     0x000000000001109f     0x1fee build/stm32wbxx_hal_rcc_ex.o
 .debug_loc     0x000000000001308d      0x3dc build/stm32wbxx_hal_gpio.o
 .debug_loc     0x0000000000013469      0x299 build/stm32wbxx_hal_pwr.o
 .debug_loc     0x0000000000013702      0xdce build/stm32wbxx_hal_pwr_ex.o
 .debug_loc     0x00000000000144d0      0x77c build/stm32wbxx_hal_cortex.o
 .debug_loc     0x0000000000014c4c      0x572 build/stm32wbxx_hal.o
 .debug_loc     0x00000000000151be       0xe6 build/system_stm32wbxx.o
 .debug_loc     0x00000000000152a4      0x123 build/syscalls.o
 .debug_loc     0x00000000000153c7       0xc8 build/led.o
 .debug_loc     0x000000000001548f       0x9c build/tim.o
 .debug_loc     0x000000000001552b       0xba /usr/lib/gcc/arm-none-eabi/9.2.1/../../../arm-none-eabi/lib/thumb/v7e-m+fp/hard/libc_nano.a(lib_a-init.o)
 .debug_loc     0x00000000000155e5      0x231 /usr/lib/gcc/arm-none-eabi/9.2.1/../../../arm-none-eabi/lib/thumb/v7e-m+fp/hard/libc_nano.a(lib_a-memset.o)
 .debug_loc     0x0000000000015816       0x98 /usr/lib/gcc/arm-none-eabi/9.2.1/../../../arm-none-eabi/lib/thumb/v7e-m+fp/hard/libc_nano.a(lib_a-printf.o)
 .debug_loc     0x00000000000158ae      0x339 /usr/lib/gcc/arm-none-eabi/9.2.1/../../../arm-none-eabi/lib/thumb/v7e-m+fp/hard/libc_nano.a(lib_a-findfp.o)
 .debug_loc     0x0000000000015be7      0x24f /usr/lib/gcc/arm-none-eabi/9.2.1/../../../arm-none-eabi/lib/thumb/v7e-m+fp/hard/libc_nano.a(lib_a-fwalk.o)
 .debug_loc     0x0000000000015e36      0x437 /usr/lib/gcc/arm-none-eabi/9.2.1/../../../arm-none-eabi/lib/thumb/v7e-m+fp/hard/libc_nano.a(lib_a-nano-mallocr.o)
 .debug_loc     0x000000000001626d      0x7a3 /usr/lib/gcc/arm-none-eabi/9.2.1/../../../arm-none-eabi/lib/thumb/v7e-m+fp/hard/libc_nano.a(lib_a-nano-vfprintf.o)
 .debug_loc     0x0000000000016a10      0x7ab /usr/lib/gcc/arm-none-eabi/9.2.1/../../../arm-none-eabi/lib/thumb/v7e-m+fp/hard/libc_nano.a(lib_a-nano-vfprintf_i.o)
 .debug_loc     0x00000000000171bb       0x6c /usr/lib/gcc/arm-none-eabi/9.2.1/../../../arm-none-eabi/lib/thumb/v7e-m+fp/hard/libc_nano.a(lib_a-sbrkr.o)
 .debug_loc     0x0000000000017227      0x393 /usr/lib/gcc/arm-none-eabi/9.2.1/../../../arm-none-eabi/lib/thumb/v7e-m+fp/hard/libc_nano.a(lib_a-stdio.o)
 .debug_loc     0x00000000000175ba      0x193 /usr/lib/gcc/arm-none-eabi/9.2.1/../../../arm-none-eabi/lib/thumb/v7e-m+fp/hard/libc_nano.a(lib_a-wbuf.o)
 .debug_loc     0x000000000001774d       0xdd /usr/lib/gcc/arm-none-eabi/9.2.1/../../../arm-none-eabi/lib/thumb/v7e-m+fp/hard/libc_nano.a(lib_a-writer.o)
 .debug_loc     0x000000000001782a       0xb7 /usr/lib/gcc/arm-none-eabi/9.2.1/../../../arm-none-eabi/lib/thumb/v7e-m+fp/hard/libc_nano.a(lib_a-wsetup.o)
 .debug_loc     0x00000000000178e1       0x6c /usr/lib/gcc/arm-none-eabi/9.2.1/../../../arm-none-eabi/lib/thumb/v7e-m+fp/hard/libc_nano.a(lib_a-closer.o)
 .debug_loc     0x000000000001794d      0x3f5 /usr/lib/gcc/arm-none-eabi/9.2.1/../../../arm-none-eabi/lib/thumb/v7e-m+fp/hard/libc_nano.a(lib_a-fflush.o)
 .debug_loc     0x0000000000017d42      0x669 /usr/lib/gcc/arm-none-eabi/9.2.1/../../../arm-none-eabi/lib/thumb/v7e-m+fp/hard/libc_nano.a(lib_a-fvwrite.o)
 .debug_loc     0x00000000000183ab       0xdd /usr/lib/gcc/arm-none-eabi/9.2.1/../../../arm-none-eabi/lib/thumb/v7e-m+fp/hard/libc_nano.a(lib_a-lseekr.o)
 .debug_loc     0x0000000000018488      0x192 /usr/lib/gcc/arm-none-eabi/9.2.1/../../../arm-none-eabi/lib/thumb/v7e-m+fp/hard/libc_nano.a(lib_a-makebuf.o)
 .debug_loc     0x000000000001861a      0x2f1 /usr/lib/gcc/arm-none-eabi/9.2.1/../../../arm-none-eabi/lib/thumb/v7e-m+fp/hard/libc_nano.a(lib_a-memmove.o)
 .debug_loc     0x000000000001890b      0x211 /usr/lib/gcc/arm-none-eabi/9.2.1/../../../arm-none-eabi/lib/thumb/v7e-m+fp/hard/libc_nano.a(lib_a-nano-freer.o)
 .debug_loc     0x0000000000018b1c      0x133 /usr/lib/gcc/arm-none-eabi/9.2.1/../../../arm-none-eabi/lib/thumb/v7e-m+fp/hard/libc_nano.a(lib_a-nano-reallocr.o)
 .debug_loc     0x0000000000018c4f       0xdd /usr/lib/gcc/arm-none-eabi/9.2.1/../../../arm-none-eabi/lib/thumb/v7e-m+fp/hard/libc_nano.a(lib_a-readr.o)
 .debug_loc     0x0000000000018d2c      0x135 /usr/lib/gcc/arm-none-eabi/9.2.1/../../../arm-none-eabi/lib/thumb/v7e-m+fp/hard/libc_nano.a(lib_a-reent.o)
 .debug_loc     0x0000000000018e61       0xab /usr/lib/gcc/arm-none-eabi/9.2.1/../../../arm-none-eabi/lib/thumb/v7e-m+fp/hard/libc_nano.a(lib_a-fstatr.o)
 .debug_loc     0x0000000000018f0c       0x6c /usr/lib/gcc/arm-none-eabi/9.2.1/../../../arm-none-eabi/lib/thumb/v7e-m+fp/hard/libc_nano.a(lib_a-isattyr.o)
 .debug_loc     0x0000000000018f78       0x86 /usr/lib/gcc/arm-none-eabi/9.2.1/../../../arm-none-eabi/lib/thumb/v7e-m+fp/hard/libc_nano.a(lib_a-nano-msizer.o)
 .debug_loc     0x0000000000018ffe       0x25 /usr/lib/gcc/arm-none-eabi/9.2.1/../../../arm-none-eabi/lib/thumb/v7e-m+fp/hard/libnosys.a(close.o)
 .debug_loc     0x0000000000019023       0x25 /usr/lib/gcc/arm-none-eabi/9.2.1/../../../arm-none-eabi/lib/thumb/v7e-m+fp/hard/libnosys.a(fstat.o)
 .debug_loc     0x0000000000019048       0x25 /usr/lib/gcc/arm-none-eabi/9.2.1/../../../arm-none-eabi/lib/thumb/v7e-m+fp/hard/libnosys.a(isatty.o)
 .debug_loc     0x000000000001906d       0x4a /usr/lib/gcc/arm-none-eabi/9.2.1/../../../arm-none-eabi/lib/thumb/v7e-m+fp/hard/libnosys.a(lseek.o)
 .debug_loc     0x00000000000190b7       0x4a /usr/lib/gcc/arm-none-eabi/9.2.1/../../../arm-none-eabi/lib/thumb/v7e-m+fp/hard/libnosys.a(read.o)
 .debug_loc     0x0000000000019101       0x3e /usr/lib/gcc/arm-none-eabi/9.2.1/../../../arm-none-eabi/lib/thumb/v7e-m+fp/hard/libnosys.a(sbrk.o)
 .debug_loc     0x000000000001913f      0xfa2 /usr/lib/gcc/arm-none-eabi/9.2.1/thumb/v7e-m+fp/hard/libgcc.a(_udivmoddi4.o)

.debug_aranges  0x0000000000000000     0x15e8
 .debug_aranges
                0x0000000000000000       0x78 build/main.o
 .debug_aranges
                0x0000000000000078       0x20 build/gpio.o
 .debug_aranges
                0x0000000000000098       0x38 build/usart.o
 .debug_aranges
                0x00000000000000d0       0x60 build/stm32wbxx_it.o
 .debug_aranges
                0x0000000000000130       0x20 build/stm32wbxx_hal_msp.o
 .debug_aranges
                0x0000000000000150      0x3e0 build/stm32wbxx_hal_tim.o
 .debug_aranges
                0x0000000000000530      0x190 build/stm32wbxx_hal_tim_ex.o
 .debug_aranges
                0x00000000000006c0      0x248 build/stm32wbxx_hal_uart.o
 .debug_aranges
                0x0000000000000908       0xa0 build/stm32wbxx_hal_uart_ex.o
 .debug_aranges
                0x00000000000009a8       0xa8 build/stm32wbxx_hal_rcc.o
 .debug_aranges
                0x0000000000000a50      0x130 build/stm32wbxx_hal_rcc_ex.o
 .debug_aranges
                0x0000000000000b80       0x58 build/stm32wbxx_hal_gpio.o
 .debug_aranges
                0x0000000000000bd8       0x98 build/stm32wbxx_hal_pwr.o
 .debug_aranges
                0x0000000000000c70      0x1b8 build/stm32wbxx_hal_pwr_ex.o
 .debug_aranges
                0x0000000000000e28       0xa0 build/stm32wbxx_hal_cortex.o
 .debug_aranges
                0x0000000000000ec8      0x158 build/stm32wbxx_hal.o
 .debug_aranges
                0x0000000000001020       0x28 build/system_stm32wbxx.o
 .debug_aranges
                0x0000000000001048       0x28 build/syscalls.o
 .debug_aranges
                0x0000000000001070       0x20 build/led.o
 .debug_aranges
                0x0000000000001090       0x30 build/tim.o
 .debug_aranges
                0x00000000000010c0       0x30 build/startup_stm32wb55xx_cm4.o
 .debug_aranges
                0x00000000000010f0       0x18 /usr/lib/gcc/arm-none-eabi/9.2.1/../../../arm-none-eabi/lib/thumb/v7e-m+fp/hard/libc_nano.a(lib_a-impure.o)
 .debug_aranges
                0x0000000000001108       0x20 /usr/lib/gcc/arm-none-eabi/9.2.1/../../../arm-none-eabi/lib/thumb/v7e-m+fp/hard/libc_nano.a(lib_a-init.o)
 .debug_aranges
                0x0000000000001128       0x20 /usr/lib/gcc/arm-none-eabi/9.2.1/../../../arm-none-eabi/lib/thumb/v7e-m+fp/hard/libc_nano.a(lib_a-memset.o)
 .debug_aranges
                0x0000000000001148       0x20 /usr/lib/gcc/arm-none-eabi/9.2.1/../../../arm-none-eabi/lib/thumb/v7e-m+fp/hard/libc_nano.a(lib_a-printf.o)
 .debug_aranges
                0x0000000000001168       0x20 /usr/lib/gcc/arm-none-eabi/9.2.1/../../../arm-none-eabi/lib/thumb/v7e-m+fp/hard/libc_nano.a(lib_a-strlen.o)
 .debug_aranges
                0x0000000000001188       0x20 /usr/lib/gcc/arm-none-eabi/9.2.1/../../../arm-none-eabi/lib/thumb/v7e-m+fp/hard/libc_nano.a(lib_a-findfp.o)
 .debug_aranges
                0x00000000000011a8       0x20 /usr/lib/gcc/arm-none-eabi/9.2.1/../../../arm-none-eabi/lib/thumb/v7e-m+fp/hard/libc_nano.a(lib_a-fwalk.o)
 .debug_aranges
                0x00000000000011c8       0x20 /usr/lib/gcc/arm-none-eabi/9.2.1/../../../arm-none-eabi/lib/thumb/v7e-m+fp/hard/libc_nano.a(lib_a-nano-mallocr.o)
 .debug_aranges
                0x00000000000011e8       0x20 /usr/lib/gcc/arm-none-eabi/9.2.1/../../../arm-none-eabi/lib/thumb/v7e-m+fp/hard/libc_nano.a(lib_a-nano-vfprintf.o)
 .debug_aranges
                0x0000000000001208       0x20 /usr/lib/gcc/arm-none-eabi/9.2.1/../../../arm-none-eabi/lib/thumb/v7e-m+fp/hard/libc_nano.a(lib_a-nano-vfprintf_i.o)
 .debug_aranges
                0x0000000000001228       0x20 /usr/lib/gcc/arm-none-eabi/9.2.1/../../../arm-none-eabi/lib/thumb/v7e-m+fp/hard/libc_nano.a(lib_a-sbrkr.o)
 .debug_aranges
                0x0000000000001248       0x20 /usr/lib/gcc/arm-none-eabi/9.2.1/../../../arm-none-eabi/lib/thumb/v7e-m+fp/hard/libc_nano.a(lib_a-stdio.o)
 .debug_aranges
                0x0000000000001268       0x20 /usr/lib/gcc/arm-none-eabi/9.2.1/../../../arm-none-eabi/lib/thumb/v7e-m+fp/hard/libc_nano.a(lib_a-wbuf.o)
 .debug_aranges
                0x0000000000001288       0x20 /usr/lib/gcc/arm-none-eabi/9.2.1/../../../arm-none-eabi/lib/thumb/v7e-m+fp/hard/libc_nano.a(lib_a-writer.o)
 .debug_aranges
                0x00000000000012a8       0x20 /usr/lib/gcc/arm-none-eabi/9.2.1/../../../arm-none-eabi/lib/thumb/v7e-m+fp/hard/libc_nano.a(lib_a-wsetup.o)
 .debug_aranges
                0x00000000000012c8       0x20 /usr/lib/gcc/arm-none-eabi/9.2.1/../../../arm-none-eabi/lib/thumb/v7e-m+fp/hard/libc_nano.a(lib_a-closer.o)
 .debug_aranges
                0x00000000000012e8       0x20 /usr/lib/gcc/arm-none-eabi/9.2.1/../../../arm-none-eabi/lib/thumb/v7e-m+fp/hard/libc_nano.a(lib_a-fflush.o)
 .debug_aranges
                0x0000000000001308       0x20 /usr/lib/gcc/arm-none-eabi/9.2.1/../../../arm-none-eabi/lib/thumb/v7e-m+fp/hard/libc_nano.a(lib_a-fvwrite.o)
 .debug_aranges
                0x0000000000001328       0x20 /usr/lib/gcc/arm-none-eabi/9.2.1/../../../arm-none-eabi/lib/thumb/v7e-m+fp/hard/libc_nano.a(lib_a-lseekr.o)
 .debug_aranges
                0x0000000000001348       0x20 /usr/lib/gcc/arm-none-eabi/9.2.1/../../../arm-none-eabi/lib/thumb/v7e-m+fp/hard/libc_nano.a(lib_a-makebuf.o)
 .debug_aranges
                0x0000000000001368       0x20 /usr/lib/gcc/arm-none-eabi/9.2.1/../../../arm-none-eabi/lib/thumb/v7e-m+fp/hard/libc_nano.a(lib_a-memchr.o)
 .debug_aranges
                0x0000000000001388       0x20 /usr/lib/gcc/arm-none-eabi/9.2.1/../../../arm-none-eabi/lib/thumb/v7e-m+fp/hard/libc_nano.a(lib_a-memcpy.o)
 .debug_aranges
                0x00000000000013a8       0x20 /usr/lib/gcc/arm-none-eabi/9.2.1/../../../arm-none-eabi/lib/thumb/v7e-m+fp/hard/libc_nano.a(lib_a-memmove.o)
 .debug_aranges
                0x00000000000013c8       0x20 /usr/lib/gcc/arm-none-eabi/9.2.1/../../../arm-none-eabi/lib/thumb/v7e-m+fp/hard/libc_nano.a(lib_a-mlock.o)
 .debug_aranges
                0x00000000000013e8       0x20 /usr/lib/gcc/arm-none-eabi/9.2.1/../../../arm-none-eabi/lib/thumb/v7e-m+fp/hard/libc_nano.a(lib_a-nano-freer.o)
 .debug_aranges
                0x0000000000001408       0x20 /usr/lib/gcc/arm-none-eabi/9.2.1/../../../arm-none-eabi/lib/thumb/v7e-m+fp/hard/libc_nano.a(lib_a-nano-reallocr.o)
 .debug_aranges
                0x0000000000001428       0x20 /usr/lib/gcc/arm-none-eabi/9.2.1/../../../arm-none-eabi/lib/thumb/v7e-m+fp/hard/libc_nano.a(lib_a-readr.o)
 .debug_aranges
                0x0000000000001448       0x20 /usr/lib/gcc/arm-none-eabi/9.2.1/../../../arm-none-eabi/lib/thumb/v7e-m+fp/hard/libc_nano.a(lib_a-reent.o)
 .debug_aranges
                0x0000000000001468       0x20 /usr/lib/gcc/arm-none-eabi/9.2.1/../../../arm-none-eabi/lib/thumb/v7e-m+fp/hard/libc_nano.a(lib_a-fstatr.o)
 .debug_aranges
                0x0000000000001488       0x20 /usr/lib/gcc/arm-none-eabi/9.2.1/../../../arm-none-eabi/lib/thumb/v7e-m+fp/hard/libc_nano.a(lib_a-isattyr.o)
 .debug_aranges
                0x00000000000014a8       0x20 /usr/lib/gcc/arm-none-eabi/9.2.1/../../../arm-none-eabi/lib/thumb/v7e-m+fp/hard/libc_nano.a(lib_a-nano-msizer.o)
 .debug_aranges
                0x00000000000014c8       0x20 /usr/lib/gcc/arm-none-eabi/9.2.1/../../../arm-none-eabi/lib/thumb/v7e-m+fp/hard/libnosys.a(close.o)
 .debug_aranges
                0x00000000000014e8       0x20 /usr/lib/gcc/arm-none-eabi/9.2.1/../../../arm-none-eabi/lib/thumb/v7e-m+fp/hard/libnosys.a(fstat.o)
 .debug_aranges
                0x0000000000001508       0x20 /usr/lib/gcc/arm-none-eabi/9.2.1/../../../arm-none-eabi/lib/thumb/v7e-m+fp/hard/libnosys.a(isatty.o)
 .debug_aranges
                0x0000000000001528       0x20 /usr/lib/gcc/arm-none-eabi/9.2.1/../../../arm-none-eabi/lib/thumb/v7e-m+fp/hard/libnosys.a(lseek.o)
 .debug_aranges
                0x0000000000001548       0x20 /usr/lib/gcc/arm-none-eabi/9.2.1/../../../arm-none-eabi/lib/thumb/v7e-m+fp/hard/libnosys.a(read.o)
 .debug_aranges
                0x0000000000001568       0x20 /usr/lib/gcc/arm-none-eabi/9.2.1/../../../arm-none-eabi/lib/thumb/v7e-m+fp/hard/libnosys.a(sbrk.o)
 .debug_aranges
                0x0000000000001588       0x20 /usr/lib/gcc/arm-none-eabi/9.2.1/thumb/v7e-m+fp/hard/libgcc.a(_aeabi_uldivmod.o)
 .debug_aranges
                0x00000000000015a8       0x20 /usr/lib/gcc/arm-none-eabi/9.2.1/thumb/v7e-m+fp/hard/libgcc.a(_udivmoddi4.o)
 .debug_aranges
                0x00000000000015c8       0x20 /usr/lib/gcc/arm-none-eabi/9.2.1/thumb/v7e-m+fp/hard/libgcc.a(_dvmd_tls.o)

.debug_ranges   0x0000000000000000     0x1820
 .debug_ranges  0x0000000000000000       0x68 build/main.o
 .debug_ranges  0x0000000000000068       0x10 build/gpio.o
 .debug_ranges  0x0000000000000078       0x28 build/usart.o
 .debug_ranges  0x00000000000000a0       0x50 build/stm32wbxx_it.o
 .debug_ranges  0x00000000000000f0       0x10 build/stm32wbxx_hal_msp.o
 .debug_ranges  0x0000000000000100      0x3d0 build/stm32wbxx_hal_tim.o
 .debug_ranges  0x00000000000004d0      0x180 build/stm32wbxx_hal_tim_ex.o
 .debug_ranges  0x0000000000000650      0x238 build/stm32wbxx_hal_uart.o
 .debug_ranges  0x0000000000000888       0x90 build/stm32wbxx_hal_uart_ex.o
 .debug_ranges  0x0000000000000918      0x1b0 build/stm32wbxx_hal_rcc.o
 .debug_ranges  0x0000000000000ac8      0x420 build/stm32wbxx_hal_rcc_ex.o
 .debug_ranges  0x0000000000000ee8       0x48 build/stm32wbxx_hal_gpio.o
 .debug_ranges  0x0000000000000f30       0x88 build/stm32wbxx_hal_pwr.o
 .debug_ranges  0x0000000000000fb8      0x1d8 build/stm32wbxx_hal_pwr_ex.o
 .debug_ranges  0x0000000000001190       0xf0 build/stm32wbxx_hal_cortex.o
 .debug_ranges  0x0000000000001280      0x160 build/stm32wbxx_hal.o
 .debug_ranges  0x00000000000013e0       0x18 build/system_stm32wbxx.o
 .debug_ranges  0x00000000000013f8       0x18 build/syscalls.o
 .debug_ranges  0x0000000000001410       0x10 build/led.o
 .debug_ranges  0x0000000000001420       0x20 build/tim.o
 .debug_ranges  0x0000000000001440       0x28 build/startup_stm32wb55xx_cm4.o
 .debug_ranges  0x0000000000001468       0xe8 /usr/lib/gcc/arm-none-eabi/9.2.1/../../../arm-none-eabi/lib/thumb/v7e-m+fp/hard/libc_nano.a(lib_a-findfp.o)
 .debug_ranges  0x0000000000001550       0x38 /usr/lib/gcc/arm-none-eabi/9.2.1/../../../arm-none-eabi/lib/thumb/v7e-m+fp/hard/libc_nano.a(lib_a-nano-mallocr.o)
 .debug_ranges  0x0000000000001588       0x28 /usr/lib/gcc/arm-none-eabi/9.2.1/../../../arm-none-eabi/lib/thumb/v7e-m+fp/hard/libc_nano.a(lib_a-nano-vfprintf.o)
 .debug_ranges  0x00000000000015b0       0x98 /usr/lib/gcc/arm-none-eabi/9.2.1/../../../arm-none-eabi/lib/thumb/v7e-m+fp/hard/libc_nano.a(lib_a-nano-vfprintf_i.o)
 .debug_ranges  0x0000000000001648       0x20 /usr/lib/gcc/arm-none-eabi/9.2.1/../../../arm-none-eabi/lib/thumb/v7e-m+fp/hard/libc_nano.a(lib_a-wbuf.o)
 .debug_ranges  0x0000000000001668       0x30 /usr/lib/gcc/arm-none-eabi/9.2.1/../../../arm-none-eabi/lib/thumb/v7e-m+fp/hard/libc_nano.a(lib_a-wsetup.o)
 .debug_ranges  0x0000000000001698       0x68 /usr/lib/gcc/arm-none-eabi/9.2.1/../../../arm-none-eabi/lib/thumb/v7e-m+fp/hard/libc_nano.a(lib_a-fflush.o)
 .debug_ranges  0x0000000000001700       0x18 /usr/lib/gcc/arm-none-eabi/9.2.1/../../../arm-none-eabi/lib/thumb/v7e-m+fp/hard/libc_nano.a(lib_a-fvwrite.o)
 .debug_ranges  0x0000000000001718       0x28 /usr/lib/gcc/arm-none-eabi/9.2.1/../../../arm-none-eabi/lib/thumb/v7e-m+fp/hard/libc_nano.a(lib_a-makebuf.o)
 .debug_ranges  0x0000000000001740       0x18 /usr/lib/gcc/arm-none-eabi/9.2.1/../../../arm-none-eabi/lib/thumb/v7e-m+fp/hard/libc_nano.a(lib_a-nano-freer.o)
 .debug_ranges  0x0000000000001758       0xc8 /usr/lib/gcc/arm-none-eabi/9.2.1/thumb/v7e-m+fp/hard/libgcc.a(_udivmoddi4.o)

.debug_line     0x0000000000000000    0x1bee8
 .debug_line    0x0000000000000000      0x6b5 build/main.o
 .debug_line    0x00000000000006b5      0x294 build/gpio.o
 .debug_line    0x0000000000000949      0x520 build/usart.o
 .debug_line    0x0000000000000e69      0x258 build/stm32wbxx_it.o
 .debug_line    0x00000000000010c1      0x166 build/stm32wbxx_hal_msp.o
 .debug_line    0x0000000000001227     0x4fb3 build/stm32wbxx_hal_tim.o
 .debug_line    0x00000000000061da     0x1fa2 build/stm32wbxx_hal_tim_ex.o
 .debug_line    0x000000000000817c     0x6220 build/stm32wbxx_hal_uart.o
 .debug_line    0x000000000000e39c      0xca9 build/stm32wbxx_hal_uart_ex.o
 .debug_line    0x000000000000f045     0x1a61 build/stm32wbxx_hal_rcc.o
 .debug_line    0x0000000000010aa6     0x2591 build/stm32wbxx_hal_rcc_ex.o
 .debug_line    0x0000000000013037      0x66d build/stm32wbxx_hal_gpio.o
 .debug_line    0x00000000000136a4      0x484 build/stm32wbxx_hal_pwr.o
 .debug_line    0x0000000000013b28      0xd57 build/stm32wbxx_hal_pwr_ex.o
 .debug_line    0x000000000001487f      0x711 build/stm32wbxx_hal_cortex.o
 .debug_line    0x0000000000014f90      0x9a6 build/stm32wbxx_hal.o
 .debug_line    0x0000000000015936      0x2af build/system_stm32wbxx.o
 .debug_line    0x0000000000015be5      0x1fd build/syscalls.o
 .debug_line    0x0000000000015de2      0x1b4 build/led.o
 .debug_line    0x0000000000015f96      0x2e6 build/tim.o
 .debug_line    0x000000000001627c       0x83 build/startup_stm32wb55xx_cm4.o
 .debug_line    0x00000000000162ff       0xe3 /usr/lib/gcc/arm-none-eabi/9.2.1/../../../arm-none-eabi/lib/thumb/v7e-m+fp/hard/libc_nano.a(lib_a-impure.o)
 .debug_line    0x00000000000163e2      0x10d /usr/lib/gcc/arm-none-eabi/9.2.1/../../../arm-none-eabi/lib/thumb/v7e-m+fp/hard/libc_nano.a(lib_a-init.o)
 .debug_line    0x00000000000164ef      0x26b /usr/lib/gcc/arm-none-eabi/9.2.1/../../../arm-none-eabi/lib/thumb/v7e-m+fp/hard/libc_nano.a(lib_a-memset.o)
 .debug_line    0x000000000001675a      0x1fc /usr/lib/gcc/arm-none-eabi/9.2.1/../../../arm-none-eabi/lib/thumb/v7e-m+fp/hard/libc_nano.a(lib_a-printf.o)
 .debug_line    0x0000000000016956       0xaf /usr/lib/gcc/arm-none-eabi/9.2.1/../../../arm-none-eabi/lib/thumb/v7e-m+fp/hard/libc_nano.a(lib_a-strlen.o)
 .debug_line    0x0000000000016a05      0x561 /usr/lib/gcc/arm-none-eabi/9.2.1/../../../arm-none-eabi/lib/thumb/v7e-m+fp/hard/libc_nano.a(lib_a-findfp.o)
 .debug_line    0x0000000000016f66      0x289 /usr/lib/gcc/arm-none-eabi/9.2.1/../../../arm-none-eabi/lib/thumb/v7e-m+fp/hard/libc_nano.a(lib_a-fwalk.o)
 .debug_line    0x00000000000171ef      0x2f2 /usr/lib/gcc/arm-none-eabi/9.2.1/../../../arm-none-eabi/lib/thumb/v7e-m+fp/hard/libc_nano.a(lib_a-nano-mallocr.o)
 .debug_line    0x00000000000174e1      0x726 /usr/lib/gcc/arm-none-eabi/9.2.1/../../../arm-none-eabi/lib/thumb/v7e-m+fp/hard/libc_nano.a(lib_a-nano-vfprintf.o)
 .debug_line    0x0000000000017c07      0x790 /usr/lib/gcc/arm-none-eabi/9.2.1/../../../arm-none-eabi/lib/thumb/v7e-m+fp/hard/libc_nano.a(lib_a-nano-vfprintf_i.o)
 .debug_line    0x0000000000018397      0x182 /usr/lib/gcc/arm-none-eabi/9.2.1/../../../arm-none-eabi/lib/thumb/v7e-m+fp/hard/libc_nano.a(lib_a-sbrkr.o)
 .debug_line    0x0000000000018519      0x25f /usr/lib/gcc/arm-none-eabi/9.2.1/../../../arm-none-eabi/lib/thumb/v7e-m+fp/hard/libc_nano.a(lib_a-stdio.o)
 .debug_line    0x0000000000018778      0x27c /usr/lib/gcc/arm-none-eabi/9.2.1/../../../arm-none-eabi/lib/thumb/v7e-m+fp/hard/libc_nano.a(lib_a-wbuf.o)
 .debug_line    0x00000000000189f4      0x188 /usr/lib/gcc/arm-none-eabi/9.2.1/../../../arm-none-eabi/lib/thumb/v7e-m+fp/hard/libc_nano.a(lib_a-writer.o)
 .debug_line    0x0000000000018b7c      0x311 /usr/lib/gcc/arm-none-eabi/9.2.1/../../../arm-none-eabi/lib/thumb/v7e-m+fp/hard/libc_nano.a(lib_a-wsetup.o)
 .debug_line    0x0000000000018e8d      0x182 /usr/lib/gcc/arm-none-eabi/9.2.1/../../../arm-none-eabi/lib/thumb/v7e-m+fp/hard/libc_nano.a(lib_a-closer.o)
 .debug_line    0x000000000001900f      0x418 /usr/lib/gcc/arm-none-eabi/9.2.1/../../../arm-none-eabi/lib/thumb/v7e-m+fp/hard/libc_nano.a(lib_a-fflush.o)
 .debug_line    0x0000000000019427      0x5e8 /usr/lib/gcc/arm-none-eabi/9.2.1/../../../arm-none-eabi/lib/thumb/v7e-m+fp/hard/libc_nano.a(lib_a-fvwrite.o)
 .debug_line    0x0000000000019a0f      0x188 /usr/lib/gcc/arm-none-eabi/9.2.1/../../../arm-none-eabi/lib/thumb/v7e-m+fp/hard/libc_nano.a(lib_a-lseekr.o)
 .debug_line    0x0000000000019b97      0x36f /usr/lib/gcc/arm-none-eabi/9.2.1/../../../arm-none-eabi/lib/thumb/v7e-m+fp/hard/libc_nano.a(lib_a-makebuf.o)
 .debug_line    0x0000000000019f06       0xa4 /usr/lib/gcc/arm-none-eabi/9.2.1/../../../arm-none-eabi/lib/thumb/v7e-m+fp/hard/libc_nano.a(lib_a-memchr.o)
 .debug_line    0x0000000000019faa       0xbe /usr/lib/gcc/arm-none-eabi/9.2.1/../../../arm-none-eabi/lib/thumb/v7e-m+fp/hard/libc_nano.a(lib_a-memcpy.o)
 .debug_line    0x000000000001a068      0x287 /usr/lib/gcc/arm-none-eabi/9.2.1/../../../arm-none-eabi/lib/thumb/v7e-m+fp/hard/libc_nano.a(lib_a-memmove.o)
 .debug_line    0x000000000001a2ef      0x13d /usr/lib/gcc/arm-none-eabi/9.2.1/../../../arm-none-eabi/lib/thumb/v7e-m+fp/hard/libc_nano.a(lib_a-mlock.o)
 .debug_line    0x000000000001a42c      0x2af /usr/lib/gcc/arm-none-eabi/9.2.1/../../../arm-none-eabi/lib/thumb/v7e-m+fp/hard/libc_nano.a(lib_a-nano-freer.o)
 .debug_line    0x000000000001a6db      0x1c5 /usr/lib/gcc/arm-none-eabi/9.2.1/../../../arm-none-eabi/lib/thumb/v7e-m+fp/hard/libc_nano.a(lib_a-nano-reallocr.o)
 .debug_line    0x000000000001a8a0      0x187 /usr/lib/gcc/arm-none-eabi/9.2.1/../../../arm-none-eabi/lib/thumb/v7e-m+fp/hard/libc_nano.a(lib_a-readr.o)